Archive member included to satisfy reference by file (symbol)

D:/Download Apps/STM32CubeIDE_1.16.1/STM32CubeIDE/plugins/com.st.stm32cube.ide.mcu.externaltools.gnu-tools-for-stm32.12.3.rel1.win32_1.0.200.202406191623/tools/bin/../lib/gcc/arm-none-eabi/12.3.1/../../../../arm-none-eabi/lib/thumb/v7e-m+fp/hard\libm.a(libm_a-wf_sqrt.o)
                              ./Core/Src/app_main.o (sqrtf)
D:/Download Apps/STM32CubeIDE_1.16.1/STM32CubeIDE/plugins/com.st.stm32cube.ide.mcu.externaltools.gnu-tools-for-stm32.12.3.rel1.win32_1.0.200.202406191623/tools/bin/../lib/gcc/arm-none-eabi/12.3.1/../../../../arm-none-eabi/lib/thumb/v7e-m+fp/hard\libm.a(libm_a-ef_sqrt.o)
                              D:/Download Apps/STM32CubeIDE_1.16.1/STM32CubeIDE/plugins/com.st.stm32cube.ide.mcu.externaltools.gnu-tools-for-stm32.12.3.rel1.win32_1.0.200.202406191623/tools/bin/../lib/gcc/arm-none-eabi/12.3.1/../../../../arm-none-eabi/lib/thumb/v7e-m+fp/hard\libm.a(libm_a-wf_sqrt.o) (__ieee754_sqrtf)
D:/Download Apps/STM32CubeIDE_1.16.1/STM32CubeIDE/plugins/com.st.stm32cube.ide.mcu.externaltools.gnu-tools-for-stm32.12.3.rel1.win32_1.0.200.202406191623/tools/bin/../lib/gcc/arm-none-eabi/12.3.1/../../../../arm-none-eabi/lib/thumb/v7e-m+fp/hard\libc_nano.a(libc_a-exit.o)
                              D:/Download Apps/STM32CubeIDE_1.16.1/STM32CubeIDE/plugins/com.st.stm32cube.ide.mcu.externaltools.gnu-tools-for-stm32.12.3.rel1.win32_1.0.200.202406191623/tools/bin/../lib/gcc/arm-none-eabi/12.3.1/../../../../arm-none-eabi/lib/thumb/v7e-m+fp/hard/crt0.o (exit)
D:/Download Apps/STM32CubeIDE_1.16.1/STM32CubeIDE/plugins/com.st.stm32cube.ide.mcu.externaltools.gnu-tools-for-stm32.12.3.rel1.win32_1.0.200.202406191623/tools/bin/../lib/gcc/arm-none-eabi/12.3.1/../../../../arm-none-eabi/lib/thumb/v7e-m+fp/hard\libc_nano.a(libc_a-findfp.o)
                              D:/Download Apps/STM32CubeIDE_1.16.1/STM32CubeIDE/plugins/com.st.stm32cube.ide.mcu.externaltools.gnu-tools-for-stm32.12.3.rel1.win32_1.0.200.202406191623/tools/bin/../lib/gcc/arm-none-eabi/12.3.1/../../../../arm-none-eabi/lib/thumb/v7e-m+fp/hard\libc_nano.a(libc_a-exit.o) (__stdio_exit_handler)
D:/Download Apps/STM32CubeIDE_1.16.1/STM32CubeIDE/plugins/com.st.stm32cube.ide.mcu.externaltools.gnu-tools-for-stm32.12.3.rel1.win32_1.0.200.202406191623/tools/bin/../lib/gcc/arm-none-eabi/12.3.1/../../../../arm-none-eabi/lib/thumb/v7e-m+fp/hard\libc_nano.a(libc_a-fwalk.o)
                              D:/Download Apps/STM32CubeIDE_1.16.1/STM32CubeIDE/plugins/com.st.stm32cube.ide.mcu.externaltools.gnu-tools-for-stm32.12.3.rel1.win32_1.0.200.202406191623/tools/bin/../lib/gcc/arm-none-eabi/12.3.1/../../../../arm-none-eabi/lib/thumb/v7e-m+fp/hard\libc_nano.a(libc_a-findfp.o) (_fwalk_sglue)
D:/Download Apps/STM32CubeIDE_1.16.1/STM32CubeIDE/plugins/com.st.stm32cube.ide.mcu.externaltools.gnu-tools-for-stm32.12.3.rel1.win32_1.0.200.202406191623/tools/bin/../lib/gcc/arm-none-eabi/12.3.1/../../../../arm-none-eabi/lib/thumb/v7e-m+fp/hard\libc_nano.a(libc_a-printf.o)
                              ./Core/Src/app_main.o (printf)
D:/Download Apps/STM32CubeIDE_1.16.1/STM32CubeIDE/plugins/com.st.stm32cube.ide.mcu.externaltools.gnu-tools-for-stm32.12.3.rel1.win32_1.0.200.202406191623/tools/bin/../lib/gcc/arm-none-eabi/12.3.1/../../../../arm-none-eabi/lib/thumb/v7e-m+fp/hard\libc_nano.a(libc_a-puts.o)
                              ./Core/Src/app_main.o (puts)
D:/Download Apps/STM32CubeIDE_1.16.1/STM32CubeIDE/plugins/com.st.stm32cube.ide.mcu.externaltools.gnu-tools-for-stm32.12.3.rel1.win32_1.0.200.202406191623/tools/bin/../lib/gcc/arm-none-eabi/12.3.1/../../../../arm-none-eabi/lib/thumb/v7e-m+fp/hard\libc_nano.a(libc_a-sprintf.o)
                              ./Core/Src/app_main.o (sprintf)
D:/Download Apps/STM32CubeIDE_1.16.1/STM32CubeIDE/plugins/com.st.stm32cube.ide.mcu.externaltools.gnu-tools-for-stm32.12.3.rel1.win32_1.0.200.202406191623/tools/bin/../lib/gcc/arm-none-eabi/12.3.1/../../../../arm-none-eabi/lib/thumb/v7e-m+fp/hard\libc_nano.a(libc_a-stdio.o)
                              D:/Download Apps/STM32CubeIDE_1.16.1/STM32CubeIDE/plugins/com.st.stm32cube.ide.mcu.externaltools.gnu-tools-for-stm32.12.3.rel1.win32_1.0.200.202406191623/tools/bin/../lib/gcc/arm-none-eabi/12.3.1/../../../../arm-none-eabi/lib/thumb/v7e-m+fp/hard\libc_nano.a(libc_a-findfp.o) (__sread)
D:/Download Apps/STM32CubeIDE_1.16.1/STM32CubeIDE/plugins/com.st.stm32cube.ide.mcu.externaltools.gnu-tools-for-stm32.12.3.rel1.win32_1.0.200.202406191623/tools/bin/../lib/gcc/arm-none-eabi/12.3.1/../../../../arm-none-eabi/lib/thumb/v7e-m+fp/hard\libc_nano.a(libc_a-wbuf.o)
                              D:/Download Apps/STM32CubeIDE_1.16.1/STM32CubeIDE/plugins/com.st.stm32cube.ide.mcu.externaltools.gnu-tools-for-stm32.12.3.rel1.win32_1.0.200.202406191623/tools/bin/../lib/gcc/arm-none-eabi/12.3.1/../../../../arm-none-eabi/lib/thumb/v7e-m+fp/hard\libc_nano.a(libc_a-puts.o) (__swbuf_r)
[...]
Memory Configuration

Name             Origin             Length             Attributes
CCMRAM           0x10000000         0x00010000         xrw
RAM              0x20000000         0x00020000         xrw
FLASH            0x08000000         0x00080000         xr
*default*        0x00000000         0xffffffff

Linker script and memory map

LOAD D:/Download Apps/STM32CubeIDE_1.16.1/STM32CubeIDE/plugins/com.st.stm32cube.ide.mcu.externaltools.gnu-tools-for-stm32.12.3.rel1.win32_1.0.200.202406191623/tools/bin/../lib/gcc/arm-none-eabi/12.3.1/thumb/v7e-m+fp/hard/crti.o
LOAD D:/Download Apps/STM32CubeIDE_1.16.1/STM32CubeIDE/plugins/com.st.stm32cube.ide.mcu.externaltools.gnu-tools-for-stm32.12.3.rel1.win32_1.0.200.202406191623/tools/bin/../lib/gcc/arm-none-eabi/12.3.1/thumb/v7e-m+fp/hard/crtbegin.o
LOAD D:/Download Apps/STM32CubeIDE_1.16.1/STM32CubeIDE/plugins/com.st.stm32cube.ide.mcu.externaltools.gnu-tools-for-stm32.12.3.rel1.win32_1.0.200.202406191623/tools/bin/../lib/gcc/arm-none-eabi/12.3.1/../../../../arm-none-eabi/lib/thumb/v7e-m+fp/hard/crt0.o
LOAD ./Core/Src/app_main.o
LOAD ./Core/Src/app_test.o
LOAD ./Core/Src/app_test_as7341.o
LOAD ./Core/Src/as7341.o
LOAD ./Core/Src/lcd_i2c.o
LOAD ./Core/Src/main.o
LOAD ./Core/Src/module_fluidics.o
LOAD ./Core/Src/module_stirrer.o
LOAD ./Core/Src/stm32f4xx_hal_msp.o
LOAD ./Core/Src/stm32f4xx_it.o
LOAD ./Core/Src/syscalls.o
LOAD ./Core/Src/sysmem.o
LOAD ./Core/Src/system_stm32f4xx.o
LOAD ./Core/Startup/startup_stm32f407vetx.o
LOAD ./Drivers/STM32F4xx_HAL_Driver/Src/stm32f4xx_hal.o
LOAD ./Drivers/STM32F4xx_HAL_Driver/Src/stm32f4xx_hal_cortex.o
LOAD ./Drivers/STM32F4xx_HAL_Driver/Src/stm32f4xx_hal_dma.o
LOAD ./Drivers/STM32F4xx_HAL_Driver/Src/stm32f4xx_hal_dma_ex.o
LOAD ./Drivers/STM32F4xx_HAL_Driver/Src/stm32f4xx_hal_exti.o
LOAD ./Drivers/STM32F4xx_HAL_Driver/Src/stm32f4xx_hal_flash.o
LOAD ./Drivers/STM32F4xx_HAL_Driver/Src/stm32f4xx_hal_flash_ex.o
LOAD ./Drivers/STM32F4xx_HAL_Driver/Src/stm32f4xx_hal_flash_ramfunc.o
LOAD ./Drivers/STM32F4xx_HAL_Driver/Src/stm32f4xx_hal_gpio.o
LOAD ./Drivers/STM32F4xx_HAL_Driver/Src/stm32f4xx_hal_i2c.o
LOAD ./Drivers/STM32F4xx_HAL_Driver/Src/stm32f4xx_hal_i2c_ex.o
LOAD ./Drivers/STM32F4xx_HAL_Driver/Src/stm32f4xx_hal_iwdg.o
LOAD ./Drivers/STM32F4xx_HAL_Driver/Src/stm32f4xx_hal_pwr.o
LOAD ./Drivers/STM32F4xx_HAL_Driver/Src/stm32f4xx_hal_pwr_ex.o
LOAD ./Drivers/STM32F4xx_HAL_Driver/Src/stm32f4xx_hal_rcc.o
LOAD ./Drivers/STM32F4xx_HAL_Driver/Src/stm32f4xx_hal_rcc_ex.o
LOAD ./Drivers/STM32F4xx_HAL_Driver/Src/stm32f4xx_hal_tim.o
LOAD ./Drivers/STM32F4xx_HAL_Driver/Src/stm32f4xx_hal_tim_ex.o
START GROUP
LOAD D:/Download Apps/STM32CubeIDE_1.16.1/STM32CubeIDE/plugins/com.st.stm32cube.ide.mcu.externaltools.gnu-tools-for-stm32.12.3.rel1.win32_1.0.200.202406191623/tools/bin/../lib/gcc/arm-none-eabi/12.3.1/../../../../arm-none-eabi/lib/thumb/v7e-m+fp/hard\libstdc++_nano.a
LOAD D:/Download Apps/STM32CubeIDE_1.16.1/STM32CubeIDE/plugins/com.st.stm32cube.ide.mcu.externaltools.gnu-tools-for-stm32.12.3.rel1.win32_1.0.200.202406191623/tools/bin/../lib/gcc/arm-none-eabi/12.3.1/../../../../arm-none-eabi/lib/thumb/v7e-m+fp/hard\libsupc++_nano.a
END GROUP
LOAD D:/Download Apps/STM32CubeIDE_1.16.1/STM32CubeIDE/plugins/com.st.stm32cube.ide.mcu.externaltools.gnu-tools-for-stm32.12.3.rel1.win32_1.0.200.202406191623/tools/bin/../lib/gcc/arm-none-eabi/12.3.1/../../../../arm-none-eabi/lib/thumb/v7e-m+fp/hard\libstdc++_nano.a
LOAD D:/Download Apps/STM32CubeIDE_1.16.1/STM32CubeIDE/plugins/com.st.stm32cube.ide.mcu.externaltools.gnu-tools-for-stm32.12.3.rel1.win32_1.0.200.202406191623/tools/bin/../lib/gcc/arm-none-eabi/12.3.1/../../../../arm-none-eabi/lib/thumb/v7e-m+fp/hard\libm.a
LOAD D:/Download Apps/STM32CubeIDE_1.16.1/STM32CubeIDE/plugins/com.st.stm32cube.ide.mcu.externaltools.gnu-tools-for-stm32.12.3.rel1.win32_1.0.200.202406191623/tools/bin/../lib/gcc/arm-none-eabi/12.3.1/../../../../arm-none-eabi/lib/thumb/v7e-m+fp/hard\libc_nano.a
START GROUP
LOAD D:/Download Apps/STM32CubeIDE_1.16.1/STM32CubeIDE/plugins/com.st.stm32cube.ide.mcu.externaltools.gnu-tools-for-stm32.12.3.rel1.win32_1.0.200.202406191623/tools/bin/../lib/gcc/arm-none-eabi/12.3.1/thumb/v7e-m+fp/hard\libgcc.a
LOAD D:/Download Apps/STM32CubeIDE_1.16.1/STM32CubeIDE/plugins/com.st.stm32cube.ide.mcu.externaltools.gnu-tools-for-stm32.12.3.rel1.win32_1.0.200.202406191623/tools/bin/../lib/gcc/arm-none-eabi/12.3.1/../../../../arm-none-eabi/lib/thumb/v7e-m+fp/hard\libc_nano.a
END GROUP
START GROUP
LOAD D:/Download Apps/STM32CubeIDE_1.16.1/STM32CubeIDE/plugins/com.st.stm32cube.ide.mcu.externaltools.gnu-tools-for-stm32.12.3.rel1.win32_1.0.200.202406191623/tools/bin/../lib/gcc/arm-none-eabi/12.3.1/thumb/v7e-m+fp/hard\libgcc.a
LOAD D:/Download Apps/STM32CubeIDE_1.16.1/STM32CubeIDE/plugins/com.st.stm32cube.ide.mcu.externaltools.gnu-tools-for-stm32.12.3.rel1.win32_1.0.200.202406191623/tools/bin/../lib/gcc/arm-none-eabi/12.3.1/../../../../arm-none-eabi/lib/thumb/v7e-m+fp/hard\libc_nano.a
END GROUP
LOAD D:/Download Apps/STM32CubeIDE_1.16.1/STM32CubeIDE/plugins/com.st.stm32cube.ide.mcu.externaltools.gnu-tools-for-stm32.12.3.rel1.win32_1.0.200.202406191623/tools/bin/../lib/gcc/arm-none-eabi/12.3.1/thumb/v7e-m+fp/hard/crtend.o
LOAD D:/Download Apps/STM32CubeIDE_1.16.1/STM32CubeIDE/plugins/com.st.stm32cube.ide.mcu.externaltools.gnu-tools-for-stm32.12.3.rel1.win32_1.0.200.202406191623/tools/bin/../lib/gcc/arm-none-eabi/12.3.1/thumb/v7e-m+fp/hard/crtn.o
                0x20020000                        _estack = (ORIGIN (RAM) + LENGTH (RAM))
                0x00000200                        _Min_Heap_Size = 0x200
                0x00000400                        _Min_Stack_Size = 0x400

.isr_vector     0x08000000      0x188
                0x08000000                        . = ALIGN (0x4)
 *(.isr_vector)
 .isr_vector    0x08000000      0x188 ./Core/Startup/startup_stm32f407vetx.o
                0x08000000                g_pfnVectors
                0x08000188                        . = ALIGN (0x4)

.text           0x08000190     0x7f50
                0x08000190                        . = ALIGN (0x4)
 *(.text)
 .text          0x08000190       0x40 D:/Download Apps/STM32CubeIDE_1.16.1/STM32CubeIDE/plugins/com.st.stm32cube.ide.mcu.externaltools.gnu-tools-for-stm32.12.3.rel1.win32_1.0.200.202406191623/tools/bin/../lib/gcc/arm-none-eabi/12.3.1/thumb/v7e-m+fp/hard/crtbegin.o
 .text          0x080001d0       0xa0 D:/Download Apps/STM32CubeIDE_1.16.1/STM32CubeIDE/plugins/com.st.stm32cube.ide.mcu.externaltools.gnu-tools-for-stm32.12.3.rel1.win32_1.0.200.202406191623/tools/bin/../lib/gcc/arm-none-eabi/12.3.1/../../../../arm-none-eabi/lib/thumb/v7e-m+fp/hard\libc_nano.a(libc_a-memchr.o)
                0x080001d0                memchr
 .text          0x08000270       0x30 D:/Download Apps/STM32CubeIDE_1.16.1/STM32CubeIDE/plugins/com.st.stm32cube.ide.mcu.externaltools.gnu-tools-for-stm32.12.3.rel1.win32_1.0.200.202406191623/tools/bin/../lib/gcc/arm-none-eabi/12.3.1/thumb/v7e-m+fp/hard\libgcc.a(_aeabi_uldivmod.o)
                0x08000270                __aeabi_uldivmod
 .text          0x080002a0      0x2bc D:/Download Apps/STM32CubeIDE_1.16.1/STM32CubeIDE/plugins/com.st.stm32cube.ide.mcu.externaltools.gnu-tools-for-stm32.12.3.rel1.win32_1.0.200.202406191623/tools/bin/../lib/gcc/arm-none-eabi/12.3.1/thumb/v7e-m+fp/hard\libgcc.a(_udivmoddi4.o)
                0x080002a0                __udivmoddi4
 .text          0x0800055c        0x4 D:/Download Apps/STM32CubeIDE_1.16.1/STM32CubeIDE/plugins/com.st.stm32cube.ide.mcu.externaltools.gnu-tools-for-stm32.12.3.rel1.win32_1.0.200.202406191623/tools/bin/../lib/gcc/arm-none-eabi/12.3.1/thumb/v7e-m+fp/hard\libgcc.a(_dvmd_tls.o)
                0x0800055c                __aeabi_idiv0
                0x0800055c                __aeabi_ldiv0
 *(.text*)
 .text._ZSt4sqrtf
                0x08000560       0x20 ./Core/Src/app_main.o
                0x08000560                std::sqrt(float)
 .text._Z16Tinh_Nong_Do_NO2ttttPf
                0x08000580      0x168 ./Core/Src/app_main.o
                0x08000580                Tinh_Nong_Do_NO2(unsigned short, unsigned short, unsigned short, unsigned short, float*)
 .text._ZL17Safe_Shutdown_Allv
                0x080006e8       0x3c ./Core/Src/app_main.o
 .text._ZL17Full_System_Resetv
                0x08000724       0xb0 ./Core/Src/app_main.o
 .text._ZL22Check_Long_Press_Resetv
                0x080007d4       0xd0 ./Core/Src/app_main.o
 .text._ZL18LCD_Watchdog_Checkv
                0x080008a4       0xe0 ./Core/Src/app_main.o
 .text.Main_App
                0x08000984      0xe68 ./Core/Src/app_main.o
                0x08000984                Main_App
 .text._Z41__static_initialization_and_destruction_0ii
                0x080017ec       0x44 ./Core/Src/app_main.o
 .text._GLOBAL__sub_I_as7341
                0x08001830       0x10 ./Core/Src/app_main.o
 .text._GLOBAL__sub_D_as7341
                0x08001840       0x10 ./Core/Src/app_main.o
 .text._Z41__static_initialization_and_destruction_0ii
                0x08001850       0x44 ./Core/Src/app_test.o
 .text._GLOBAL__sub_I_Test_App
                0x08001894       0x10 ./Core/Src/app_test.o
 .text._GLOBAL__sub_D_Test_App
                0x080018a4       0x10 ./Core/Src/app_test.o
 .text._Z41__static_initialization_and_destruction_0ii
                0x080018b4       0x44 ./Core/Src/app_test_as7341.o
 .text._GLOBAL__sub_I_Test_AS7341_App
                0x080018f8       0x10 ./Core/Src/app_test_as7341.o
 .text._GLOBAL__sub_D_Test_AS7341_App
                0x08001908       0x10 ./Core/Src/app_test_as7341.o
 .text._ZN15Adafruit_AS7341C2Ev
                0x08001918       0x34 ./Core/Src/as7341.o
                0x08001918                Adafruit_AS7341::Adafruit_AS7341()
                0x08001918                Adafruit_AS7341::Adafruit_AS7341()
 .text._ZN15Adafruit_AS7341D2Ev
                0x0800194c       0x20 ./Core/Src/as7341.o
                0x0800194c                Adafruit_AS7341::~Adafruit_AS7341()
                0x0800194c                Adafruit_AS7341::~Adafruit_AS7341()
 .text._ZN15Adafruit_AS73415beginEhP17I2C_HandleTypeDefl
                0x0800196c       0x36 ./Core/Src/as7341.o
                0x0800196c                Adafruit_AS7341::begin(unsigned char, I2C_HandleTypeDef*, long)
 .text._ZN15Adafruit_AS73415_initEl
                0x080019a2       0x3c ./Core/Src/as7341.o
                0x080019a2                Adafruit_AS7341::_init(long)
 .text._ZN15Adafruit_AS734110getChannelE22as7341_color_channel_t
                0x080019de       0x24 ./Core/Src/as7341.o
                0x080019de                Adafruit_AS7341::getChannel(as7341_color_channel_t)
 .text._ZN15Adafruit_AS734115readAllChannelsEPt
                0x08001a02       0xa6 ./Core/Src/as7341.o
                0x08001a02                Adafruit_AS7341::readAllChannels(unsigned short*)
 .text._ZN15Adafruit_AS734112delayForDataEm
                0x08001aa8       0x80 ./Core/Src/as7341.o
                0x08001aa8                Adafruit_AS7341::delayForData(unsigned long)
 .text._ZN15Adafruit_AS734115readAllChannelsEv
                0x08001b28       0x1e ./Core/Src/as7341.o
                0x08001b28                Adafruit_AS7341::readAllChannels()
 .text._ZN15Adafruit_AS734118setSMUXLowChannelsEb
                0x08001b46       0x3e ./Core/Src/as7341.o
                0x08001b46                Adafruit_AS7341::setSMUXLowChannels(bool)
 .text._ZN15Adafruit_AS734111powerEnableEb
                0x08001b84       0x3c ./Core/Src/as7341.o
                0x08001b84                Adafruit_AS7341::powerEnable(bool)
 .text._ZN15Adafruit_AS734125enableSpectralMeasurementEb
                0x08001bc0       0x3e ./Core/Src/as7341.o
                0x08001bc0                Adafruit_AS7341::enableSpectralMeasurement(bool)
 *fill*         0x08001bfe        0x2 
 .text._ZN15Adafruit_AS734110enableSMUXEv
                0x08001c00       0x74 ./Core/Src/as7341.o
                0x08001c00                Adafruit_AS7341::enableSMUX()
 .text._ZN15Adafruit_AS734114setSMUXCommandE17as7341_smux_cmd_t
                0x08001c74       0x26 ./Core/Src/as7341.o
                0x08001c74                Adafruit_AS7341::setSMUXCommand(as7341_smux_cmd_t)
 .text._ZN15Adafruit_AS734114getIsDataReadyEv
                0x08001c9a       0x26 ./Core/Src/as7341.o
                0x08001c9a                Adafruit_AS7341::getIsDataReady()
 .text._ZN15Adafruit_AS734120setup_F1F4_Clear_NIREv
                0x08001cc0       0xd8 ./Core/Src/as7341.o
                0x08001cc0                Adafruit_AS7341::setup_F1F4_Clear_NIR()
 .text._ZN15Adafruit_AS734120setup_F5F8_Clear_NIREv
                0x08001d98       0xd8 ./Core/Src/as7341.o
                0x08001d98                Adafruit_AS7341::setup_F5F8_Clear_NIR()
 .text._ZN15Adafruit_AS73418setATIMEEh
                0x08001e70       0x22 ./Core/Src/as7341.o
                0x08001e70                Adafruit_AS7341::setATIME(unsigned char)
 .text._ZN15Adafruit_AS73418setASTEPEt
                0x08001e92       0x22 ./Core/Src/as7341.o
                0x08001e92                Adafruit_AS7341::setASTEP(unsigned short)
 .text._ZN15Adafruit_AS73417setGainE13as7341_gain_t
                0x08001eb4       0x22 ./Core/Src/as7341.o
                0x08001eb4                Adafruit_AS7341::setGain(as7341_gain_t)
 .text._ZN15Adafruit_AS734113writeRegisterEhPht
                0x08001ed6       0x52 ./Core/Src/as7341.o
                0x08001ed6                Adafruit_AS7341::writeRegister(unsigned char, unsigned char*, unsigned short)
 .text._ZN15Adafruit_AS734117writeRegisterByteEhh
                0x08001f28       0x4e ./Core/Src/as7341.o
                0x08001f28                Adafruit_AS7341::writeRegisterByte(unsigned char, unsigned char)
 .text._ZN15Adafruit_AS734115modifyBitInByteEhhh
                0x08001f76       0x50 ./Core/Src/as7341.o
                0x08001f76                Adafruit_AS7341::modifyBitInByte(unsigned char, unsigned char, unsigned char)
 .text._ZN15Adafruit_AS734112readRegisterEtPht
                0x08001fc6       0x50 ./Core/Src/as7341.o
                0x08001fc6                Adafruit_AS7341::readRegister(unsigned short, unsigned char*, unsigned short)
 .text._ZN15Adafruit_AS734116checkRegisterBitEth
                0x08002016       0x34 ./Core/Src/as7341.o
                0x08002016                Adafruit_AS7341::checkRegisterBit(unsigned short, unsigned char)
 .text._ZN15Adafruit_AS734117modifyRegisterBitEtbh
                0x0800204a       0x50 ./Core/Src/as7341.o
                0x0800204a                Adafruit_AS7341::modifyRegisterBit(unsigned short, bool, unsigned char)
 .text._ZN15Adafruit_AS734125modifyRegisterMultipleBitEthhh
                0x0800209a       0x86 ./Core/Src/as7341.o
                0x0800209a                Adafruit_AS7341::modifyRegisterMultipleBit(unsigned short, unsigned char, unsigned char, unsigned char)
 .text._ZN15Adafruit_AS734116readRegisterByteEt
                0x08002120       0x4e ./Core/Src/as7341.o
                0x08002120                Adafruit_AS7341::readRegisterByte(unsigned short)
 .text.CLCD_Delay
                0x0800216e       0x1a ./Core/Src/lcd_i2c.o
 .text.CLCD_WriteI2C
                0x08002188       0xae ./Core/Src/lcd_i2c.o
 .text.CLCD_I2C_Init
                0x08002236       0xe0 ./Core/Src/lcd_i2c.o
                0x08002236                CLCD_I2C_Init
 .text.CLCD_I2C_SetCursor
                0x08002316       0x86 ./Core/Src/lcd_i2c.o
                0x08002316                CLCD_I2C_SetCursor
 .text.CLCD_I2C_WriteChar
                0x0800239c       0x20 ./Core/Src/lcd_i2c.o
                0x0800239c                CLCD_I2C_WriteChar
 .text.CLCD_I2C_WriteString
                0x080023bc       0x2e ./Core/Src/lcd_i2c.o
                0x080023bc                CLCD_I2C_WriteString
 .text.CLCD_I2C_Clear
                0x080023ea       0x20 ./Core/Src/lcd_i2c.o
                0x080023ea                CLCD_I2C_Clear
 *fill*         0x0800240a        0x2 
 .text.CLCD_I2C_ForceReset
                0x0800240c      0x1d8 ./Core/Src/lcd_i2c.o
                0x0800240c                CLCD_I2C_ForceReset
 .text.main     0x080025e4       0x44 ./Core/Src/main.o
                0x080025e4                main
 .text.SystemClock_Config
                0x08002628       0xd8 ./Core/Src/main.o
                0x08002628                SystemClock_Config
 .text.MX_I2C1_Init
                0x08002700       0x5c ./Core/Src/main.o
 .text.MX_I2C2_Init
                0x0800275c       0x5c ./Core/Src/main.o
 .text.MX_IWDG_Init
                0x080027b8       0x54 ./Core/Src/main.o
 .text.MX_TIM2_Init
                0x0800280c       0xe8 ./Core/Src/main.o
 .text.MX_TIM6_Init
                0x080028f4       0x6c ./Core/Src/main.o
 .text.MX_GPIO_Init
                0x08002960      0x1c8 ./Core/Src/main.o
 .text.HAL_TIM_PeriodElapsedCallback
                0x08002b28       0x24 ./Core/Src/main.o
                0x08002b28                HAL_TIM_PeriodElapsedCallback
 .text.Error_Handler
                0x08002b4c        0xc ./Core/Src/main.o
                0x08002b4c                Error_Handler
 .text.Pump_Water_In
                0x08002b58       0x4c ./Core/Src/module_fluidics.o
                0x08002b58                Pump_Water_In
 .text.Pump_Water_Out
                0x08002ba4       0x4c ./Core/Src/module_fluidics.o
                0x08002ba4                Pump_Water_Out
 .text.Pump_Reagent_1
                0x08002bf0       0x60 ./Core/Src/module_fluidics.o
                0x08002bf0                Pump_Reagent_1
 .text.Pump_Reagent_2
                0x08002c50       0x60 ./Core/Src/module_fluidics.o
                0x08002c50                Pump_Reagent_2
 .text.Reset_Drop_Counters
                0x08002cb0       0x24 ./Core/Src/module_fluidics.o
                0x08002cb0                Reset_Drop_Counters
 .text.Pump_System_TIM6_Callback
                0x08002cd4      0x204 ./Core/Src/module_fluidics.o
                0x08002cd4                Pump_System_TIM6_Callback
 .text.HAL_GPIO_EXTI_Callback
                0x08002ed8       0x48 ./Core/Src/module_fluidics.o
                0x08002ed8                HAL_GPIO_EXTI_Callback
 .text._Z14Stirrer_Enableb
                0x08002f20       0x38 ./Core/Src/module_stirrer.o
                0x08002f20                Stirrer_Enable(bool)
 .text._Z14Stirrer_Updatem
                0x08002f58       0x44 ./Core/Src/module_stirrer.o
                0x08002f58                Stirrer_Update(unsigned long)
 .text.HAL_MspInit
                0x08002f9c       0x50 ./Core/Src/stm32f4xx_hal_msp.o
                0x08002f9c                HAL_MspInit
 .text.HAL_I2C_MspInit
                0x08002fec       0xf8 ./Core/Src/stm32f4xx_hal_msp.o
                0x08002fec                HAL_I2C_MspInit
 .text.HAL_I2C_MspDeInit
                0x080030e4       0x74 ./Core/Src/stm32f4xx_hal_msp.o
                0x080030e4                HAL_I2C_MspDeInit
 .text.HAL_TIM_Base_MspInit
                0x08003158       0x78 ./Core/Src/stm32f4xx_hal_msp.o
                0x08003158                HAL_TIM_Base_MspInit
 .text.HAL_TIM_MspPostInit
                0x080031d0       0x70 ./Core/Src/stm32f4xx_hal_msp.o
                0x080031d0                HAL_TIM_MspPostInit
 .text.NMI_Handler
                0x08003240        0x8 ./Core/Src/stm32f4xx_it.o
                0x08003240                NMI_Handler
 .text.HardFault_Handler
                0x08003248        0x8 ./Core/Src/stm32f4xx_it.o
                0x08003248                HardFault_Handler
 .text.MemManage_Handler
                0x08003250        0x8 ./Core/Src/stm32f4xx_it.o
                0x08003250                MemManage_Handler
 .text.BusFault_Handler
                0x08003258        0x8 ./Core/Src/stm32f4xx_it.o
                0x08003258                BusFault_Handler
 .text.UsageFault_Handler
                0x08003260        0x8 ./Core/Src/stm32f4xx_it.o
                0x08003260                UsageFault_Handler
 .text.SVC_Handler
                0x08003268        0xe ./Core/Src/stm32f4xx_it.o
                0x08003268                SVC_Handler
 .text.DebugMon_Handler
                0x08003276        0xe ./Core/Src/stm32f4xx_it.o
                0x08003276                DebugMon_Handler
 .text.PendSV_Handler
                0x08003284        0xe ./Core/Src/stm32f4xx_it.o
                0x08003284                PendSV_Handler
 .text.SysTick_Handler
                0x08003292        0xc ./Core/Src/stm32f4xx_it.o
                0x08003292                SysTick_Handler
 .text.EXTI0_IRQHandler
                0x0800329e        0xe ./Core/Src/stm32f4xx_it.o
                0x0800329e                EXTI0_IRQHandler
 .text.EXTI2_IRQHandler
                0x080032ac        0xe ./Core/Src/stm32f4xx_it.o
                0x080032ac                EXTI2_IRQHandler
 *fill*         0x080032ba        0x2 
 .text.TIM6_DAC_IRQHandler
                0x080032bc       0x14 ./Core/Src/stm32f4xx_it.o
                0x080032bc                TIM6_DAC_IRQHandler
 .text._read    0x080032d0       0x3a ./Core/Src/syscalls.o
                0x080032d0                _read
 .text._write   0x0800330a       0x38 ./Core/Src/syscalls.o
                0x0800330a                _write
 .text._close   0x08003342       0x18 ./Core/Src/syscalls.o
                0x08003342                _close
 .text._fstat   0x0800335a       0x20 ./Core/Src/syscalls.o
                0x0800335a                _fstat
 .text._isatty  0x0800337a       0x16 ./Core/Src/syscalls.o
                0x0800337a                _isatty
 .text._lseek   0x08003390       0x1a ./Core/Src/syscalls.o
                0x08003390                _lseek
 *fill*         0x080033aa        0x2 
 .text._sbrk    0x080033ac       0x6c ./Core/Src/sysmem.o
                0x080033ac                _sbrk
 .text.SystemInit
                0x08003418       0x24 ./Core/Src/system_stm32f4xx.o
                0x08003418                SystemInit
 .text.Reset_Handler
                0x0800343c       0x50 ./Core/Startup/startup_stm32f407vetx.o
                0x0800343c                Reset_Handler
 .text.Default_Handler
                0x0800348c        0x2 ./Core/Startup/startup_stm32f407vetx.o
                0x0800348c                RTC_Alarm_IRQHandler
                0x0800348c                HASH_RNG_IRQHandler
                0x0800348c                TIM8_CC_IRQHandler
                0x0800348c                TIM1_CC_IRQHandler
                0x0800348c                DMA2_Stream5_IRQHandler
                0x0800348c                DMA1_Stream5_IRQHandler
                0x0800348c                PVD_IRQHandler
                0x0800348c                SDIO_IRQHandler
                0x0800348c                TAMP_STAMP_IRQHandler
                0x0800348c                CAN2_RX1_IRQHandler
                0x0800348c                EXTI3_IRQHandler
                0x0800348c                TIM8_TRG_COM_TIM14_IRQHandler
                0x0800348c                TIM1_UP_TIM10_IRQHandler
                0x0800348c                TIM8_UP_TIM13_IRQHandler
                0x0800348c                I2C3_ER_IRQHandler
                0x0800348c                I2C2_EV_IRQHandler
                0x0800348c                DMA1_Stream2_IRQHandler
                0x0800348c                CAN1_RX0_IRQHandler
                0x0800348c                FPU_IRQHandler
                0x0800348c                OTG_HS_WKUP_IRQHandler
                0x0800348c                CAN2_SCE_IRQHandler
                0x0800348c                DMA2_Stream2_IRQHandler
                0x0800348c                SPI1_IRQHandler
                0x0800348c                TIM1_BRK_TIM9_IRQHandler
                0x0800348c                DCMI_IRQHandler
                0x0800348c                CAN2_RX0_IRQHandler
                0x0800348c                DMA2_Stream3_IRQHandler
                0x0800348c                USART6_IRQHandler
                0x0800348c                USART3_IRQHandler
                0x0800348c                CAN1_RX1_IRQHandler
                0x0800348c                UART5_IRQHandler
                0x0800348c                DMA2_Stream0_IRQHandler
                0x0800348c                TIM4_IRQHandler
                0x0800348c                I2C1_EV_IRQHandler
                0x0800348c                DMA1_Stream6_IRQHandler
                0x0800348c                DMA1_Stream1_IRQHandler
                0x0800348c                UART4_IRQHandler
                0x0800348c                TIM3_IRQHandler
                0x0800348c                RCC_IRQHandler
                0x0800348c                TIM8_BRK_TIM12_IRQHandler
                0x0800348c                Default_Handler
                0x0800348c                EXTI15_10_IRQHandler
                0x0800348c                ADC_IRQHandler
                0x0800348c                DMA1_Stream7_IRQHandler
                0x0800348c                TIM7_IRQHandler
                0x0800348c                CAN2_TX_IRQHandler
                0x0800348c                TIM5_IRQHandler
                0x0800348c                DMA2_Stream7_IRQHandler
                0x0800348c                I2C3_EV_IRQHandler
                0x0800348c                EXTI9_5_IRQHandler
                0x0800348c                RTC_WKUP_IRQHandler
                0x0800348c                ETH_WKUP_IRQHandler
                0x0800348c                SPI2_IRQHandler
                0x0800348c                OTG_HS_EP1_IN_IRQHandler
                0x0800348c                DMA1_Stream0_IRQHandler
                0x0800348c                CAN1_TX_IRQHandler
                0x0800348c                EXTI4_IRQHandler
                0x0800348c                FSMC_IRQHandler
                0x0800348c                ETH_IRQHandler
                0x0800348c                OTG_HS_EP1_OUT_IRQHandler
                0x0800348c                WWDG_IRQHandler
                0x0800348c                TIM2_IRQHandler
                0x0800348c                OTG_FS_WKUP_IRQHandler
                0x0800348c                TIM1_TRG_COM_TIM11_IRQHandler
                0x0800348c                OTG_HS_IRQHandler
                0x0800348c                EXTI1_IRQHandler
                0x0800348c                USART2_IRQHandler
                0x0800348c                I2C2_ER_IRQHandler
                0x0800348c                DMA2_Stream1_IRQHandler
                0x0800348c                CAN1_SCE_IRQHandler
                0x0800348c                FLASH_IRQHandler
                0x0800348c                DMA2_Stream4_IRQHandler
                0x0800348c                USART1_IRQHandler
                0x0800348c                OTG_FS_IRQHandler
                0x0800348c                SPI3_IRQHandler
                0x0800348c                DMA1_Stream4_IRQHandler
                0x0800348c                I2C1_ER_IRQHandler
                0x0800348c                DMA2_Stream6_IRQHandler
                0x0800348c                DMA1_Stream3_IRQHandler
 *fill*         0x0800348e        0x2 
 .text.HAL_Init
                0x08003490       0x44 ./Drivers/STM32F4xx_HAL_Driver/Src/stm32f4xx_hal.o
                0x08003490                HAL_Init
 .text.HAL_InitTick
                0x080034d4       0x60 ./Drivers/STM32F4xx_HAL_Driver/Src/stm32f4xx_hal.o
                0x080034d4                HAL_InitTick
 .text.HAL_IncTick
                0x08003534       0x28 ./Drivers/STM32F4xx_HAL_Driver/Src/stm32f4xx_hal.o
                0x08003534                HAL_IncTick
 .text.HAL_GetTick
                0x0800355c       0x18 ./Drivers/STM32F4xx_HAL_Driver/Src/stm32f4xx_hal.o
                0x0800355c                HAL_GetTick
 .text.HAL_Delay
                0x08003574       0x48 ./Drivers/STM32F4xx_HAL_Driver/Src/stm32f4xx_hal.o
                0x08003574                HAL_Delay
 .text.__NVIC_SetPriorityGrouping
                0x080035bc       0x48 ./Drivers/STM32F4xx_HAL_Driver/Src/stm32f4xx_hal_cortex.o
 .text.__NVIC_GetPriorityGrouping
                0x08003604       0x1c ./Drivers/STM32F4xx_HAL_Driver/Src/stm32f4xx_hal_cortex.o
 .text.__NVIC_EnableIRQ
                0x08003620       0x3c ./Drivers/STM32F4xx_HAL_Driver/Src/stm32f4xx_hal_cortex.o
 .text.__NVIC_SetPriority
                0x0800365c       0x54 ./Drivers/STM32F4xx_HAL_Driver/Src/stm32f4xx_hal_cortex.o
 .text.NVIC_EncodePriority
                0x080036b0       0x66 ./Drivers/STM32F4xx_HAL_Driver/Src/stm32f4xx_hal_cortex.o
 *fill*         0x08003716        0x2 
 .text.SysTick_Config
                0x08003718       0x44 ./Drivers/STM32F4xx_HAL_Driver/Src/stm32f4xx_hal_cortex.o
 .text.HAL_NVIC_SetPriorityGrouping
                0x0800375c       0x16 ./Drivers/STM32F4xx_HAL_Driver/Src/stm32f4xx_hal_cortex.o
                0x0800375c                HAL_NVIC_SetPriorityGrouping
 .text.HAL_NVIC_SetPriority
                0x08003772       0x38 ./Drivers/STM32F4xx_HAL_Driver/Src/stm32f4xx_hal_cortex.o
                0x08003772                HAL_NVIC_SetPriority
 .text.HAL_NVIC_EnableIRQ
                0x080037aa       0x1c ./Drivers/STM32F4xx_HAL_Driver/Src/stm32f4xx_hal_cortex.o
                0x080037aa                HAL_NVIC_EnableIRQ
 .text.HAL_SYSTICK_Config
                0x080037c6       0x18 ./Drivers/STM32F4xx_HAL_Driver/Src/stm32f4xx_hal_cortex.o
                0x080037c6                HAL_SYSTICK_Config
 *fill*         0x080037de        0x2 
 .text.HAL_GPIO_Init
                0x080037e0      0x338 ./Drivers/STM32F4xx_HAL_Driver/Src/stm32f4xx_hal_gpio.o
                0x080037e0                HAL_GPIO_Init
 .text.HAL_GPIO_DeInit
                0x08003b18      0x1f8 ./Drivers/STM32F4xx_HAL_Driver/Src/stm32f4xx_hal_gpio.o
                0x08003b18                HAL_GPIO_DeInit
 .text.HAL_GPIO_ReadPin
                0x08003d10       0x30 ./Drivers/STM32F4xx_HAL_Driver/Src/stm32f4xx_hal_gpio.o
                0x08003d10                HAL_GPIO_ReadPin
 .text.HAL_GPIO_WritePin
                0x08003d40       0x32 ./Drivers/STM32F4xx_HAL_Driver/Src/stm32f4xx_hal_gpio.o
                0x08003d40                HAL_GPIO_WritePin
 .text.HAL_GPIO_TogglePin
                0x08003d72       0x34 ./Drivers/STM32F4xx_HAL_Driver/Src/stm32f4xx_hal_gpio.o
                0x08003d72                HAL_GPIO_TogglePin
 *fill*         0x08003da6        0x2 
 .text.HAL_GPIO_EXTI_IRQHandler
                0x08003da8       0x30 ./Drivers/STM32F4xx_HAL_Driver/Src/stm32f4xx_hal_gpio.o
                0x08003da8                HAL_GPIO_EXTI_IRQHandler
 .text.HAL_I2C_Init
                0x08003dd8      0x288 ./Drivers/STM32F4xx_HAL_Driver/Src/stm32f4xx_hal_i2c.o
                0x08003dd8                HAL_I2C_Init
 .text.HAL_I2C_DeInit
                0x08004060       0x5e ./Drivers/STM32F4xx_HAL_Driver/Src/stm32f4xx_hal_i2c.o
                0x08004060                HAL_I2C_DeInit
 *fill*         0x080040be        0x2 
 .text.HAL_I2C_Master_Transmit
                0x080040c0      0x1fc ./Drivers/STM32F4xx_HAL_Driver/Src/stm32f4xx_hal_i2c.o
                0x080040c0                HAL_I2C_Master_Transmit
 .text.HAL_I2C_Mem_Write
                0x080042bc      0x1f4 ./Drivers/STM32F4xx_HAL_Driver/Src/stm32f4xx_hal_i2c.o
                0x080042bc                HAL_I2C_Mem_Write
 .text.HAL_I2C_Mem_Read
                0x080044b0      0x464 ./Drivers/STM32F4xx_HAL_Driver/Src/stm32f4xx_hal_i2c.o
                0x080044b0                HAL_I2C_Mem_Read
 .text.HAL_I2C_IsDeviceReady
                0x08004914      0x25c ./Drivers/STM32F4xx_HAL_Driver/Src/stm32f4xx_hal_i2c.o
                0x08004914                HAL_I2C_IsDeviceReady
 .text.I2C_MasterRequestWrite
                0x08004b70      0x104 ./Drivers/STM32F4xx_HAL_Driver/Src/stm32f4xx_hal_i2c.o
 .text.I2C_RequestMemoryWrite
                0x08004c74      0x12c ./Drivers/STM32F4xx_HAL_Driver/Src/stm32f4xx_hal_i2c.o
 .text.I2C_RequestMemoryRead
                0x08004da0      0x1d0 ./Drivers/STM32F4xx_HAL_Driver/Src/stm32f4xx_hal_i2c.o
 .text.I2C_WaitOnFlagUntilTimeout
                0x08004f70       0xf4 ./Drivers/STM32F4xx_HAL_Driver/Src/stm32f4xx_hal_i2c.o
 .text.I2C_WaitOnMasterAddressFlagUntilTimeout
                0x08005064      0x140 ./Drivers/STM32F4xx_HAL_Driver/Src/stm32f4xx_hal_i2c.o
 .text.I2C_WaitOnTXEFlagUntilTimeout
                0x080051a4       0x90 ./Drivers/STM32F4xx_HAL_Driver/Src/stm32f4xx_hal_i2c.o
 .text.I2C_WaitOnBTFFlagUntilTimeout
                0x08005234       0x90 ./Drivers/STM32F4xx_HAL_Driver/Src/stm32f4xx_hal_i2c.o
 .text.I2C_WaitOnRXNEFlagUntilTimeout
                0x080052c4       0xba ./Drivers/STM32F4xx_HAL_Driver/Src/stm32f4xx_hal_i2c.o
 .text.I2C_IsAcknowledgeFailed
                0x0800537e       0x5e ./Drivers/STM32F4xx_HAL_Driver/Src/stm32f4xx_hal_i2c.o
 .text.HAL_IWDG_Init
                0x080053dc       0x88 ./Drivers/STM32F4xx_HAL_Driver/Src/stm32f4xx_hal_iwdg.o
                0x080053dc                HAL_IWDG_Init
 .text.HAL_IWDG_Refresh
                0x08005464       0x20 ./Drivers/STM32F4xx_HAL_Driver/Src/stm32f4xx_hal_iwdg.o
                0x08005464                HAL_IWDG_Refresh
 .text.HAL_RCC_OscConfig
                0x08005484      0x4f0 ./Drivers/STM32F4xx_HAL_Driver/Src/stm32f4xx_hal_rcc.o
                0x08005484                HAL_RCC_OscConfig
 .text.HAL_RCC_ClockConfig
                0x08005974      0x1cc ./Drivers/STM32F4xx_HAL_Driver/Src/stm32f4xx_hal_rcc.o
                0x08005974                HAL_RCC_ClockConfig
 .text.HAL_RCC_GetSysClockFreq
                0x08005b40      0x18c ./Drivers/STM32F4xx_HAL_Driver/Src/stm32f4xx_hal_rcc.o
                0x08005b40                HAL_RCC_GetSysClockFreq
 .text.HAL_RCC_GetHCLKFreq
                0x08005ccc       0x18 ./Drivers/STM32F4xx_HAL_Driver/Src/stm32f4xx_hal_rcc.o
                0x08005ccc                HAL_RCC_GetHCLKFreq
 .text.HAL_RCC_GetPCLK1Freq
                0x08005ce4       0x28 ./Drivers/STM32F4xx_HAL_Driver/Src/stm32f4xx_hal_rcc.o
                0x08005ce4                HAL_RCC_GetPCLK1Freq
 .text.HAL_TIM_Base_Init
                0x08005d0c       0x9e ./Drivers/STM32F4xx_HAL_Driver/Src/stm32f4xx_hal_tim.o
                0x08005d0c                HAL_TIM_Base_Init
 *fill*         0x08005daa        0x2 
 .text.HAL_TIM_Base_Start_IT
                0x08005dac       0xe0 ./Drivers/STM32F4xx_HAL_Driver/Src/stm32f4xx_hal_tim.o
                0x08005dac                HAL_TIM_Base_Start_IT
 .text.HAL_TIM_Base_Stop_IT
                0x08005e8c       0x5e ./Drivers/STM32F4xx_HAL_Driver/Src/stm32f4xx_hal_tim.o
                0x08005e8c                HAL_TIM_Base_Stop_IT
 .text.HAL_TIM_PWM_Init
                0x08005eea       0x9e ./Drivers/STM32F4xx_HAL_Driver/Src/stm32f4xx_hal_tim.o
                0x08005eea                HAL_TIM_PWM_Init
 .text.HAL_TIM_PWM_MspInit
                0x08005f88       0x14 ./Drivers/STM32F4xx_HAL_Driver/Src/stm32f4xx_hal_tim.o
                0x08005f88                HAL_TIM_PWM_MspInit
 .text.HAL_TIM_PWM_Start
                0x08005f9c      0x190 ./Drivers/STM32F4xx_HAL_Driver/Src/stm32f4xx_hal_tim.o
                0x08005f9c                HAL_TIM_PWM_Start
 .text.HAL_TIM_IRQHandler
                0x0800612c      0x1e0 ./Drivers/STM32F4xx_HAL_Driver/Src/stm32f4xx_hal_tim.o
                0x0800612c                HAL_TIM_IRQHandler
 .text.HAL_TIM_PWM_ConfigChannel
                0x0800630c      0x184 ./Drivers/STM32F4xx_HAL_Driver/Src/stm32f4xx_hal_tim.o
                0x0800630c                HAL_TIM_PWM_ConfigChannel
 .text.HAL_TIM_ConfigClockSource
                0x08006490      0x18e ./Drivers/STM32F4xx_HAL_Driver/Src/stm32f4xx_hal_tim.o
                0x08006490                HAL_TIM_ConfigClockSource
 .text.HAL_TIM_OC_DelayElapsedCallback
                0x0800661e       0x14 ./Drivers/STM32F4xx_HAL_Driver/Src/stm32f4xx_hal_tim.o
                0x0800661e                HAL_TIM_OC_DelayElapsedCallback
 .text.HAL_TIM_IC_CaptureCallback
                0x08006632       0x14 ./Drivers/STM32F4xx_HAL_Driver/Src/stm32f4xx_hal_tim.o
                0x08006632                HAL_TIM_IC_CaptureCallback
 .text.HAL_TIM_PWM_PulseFinishedCallback
                0x08006646       0x14 ./Drivers/STM32F4xx_HAL_Driver/Src/stm32f4xx_hal_tim.o
                0x08006646                HAL_TIM_PWM_PulseFinishedCallback
 .text.HAL_TIM_TriggerCallback
                0x0800665a       0x14 ./Drivers/STM32F4xx_HAL_Driver/Src/stm32f4xx_hal_tim.o
                0x0800665a                HAL_TIM_TriggerCallback
 *fill*         0x0800666e        0x2 
 .text.TIM_Base_SetConfig
                0x08006670      0x14c ./Drivers/STM32F4xx_HAL_Driver/Src/stm32f4xx_hal_tim.o
                0x08006670                TIM_Base_SetConfig
 .text.TIM_OC1_SetConfig
                0x080067bc       0xe0 ./Drivers/STM32F4xx_HAL_Driver/Src/stm32f4xx_hal_tim.o
 .text.TIM_OC2_SetConfig
                0x0800689c       0xec ./Drivers/STM32F4xx_HAL_Driver/Src/stm32f4xx_hal_tim.o
                0x0800689c                TIM_OC2_SetConfig
 .text.TIM_OC3_SetConfig
                0x08006988       0xe8 ./Drivers/STM32F4xx_HAL_Driver/Src/stm32f4xx_hal_tim.o
 .text.TIM_OC4_SetConfig
                0x08006a70       0xac ./Drivers/STM32F4xx_HAL_Driver/Src/stm32f4xx_hal_tim.o
 .text.TIM_TI1_ConfigInputStage
                0x08006b1c       0x5e ./Drivers/STM32F4xx_HAL_Driver/Src/stm32f4xx_hal_tim.o
 .text.TIM_TI2_ConfigInputStage
                0x08006b7a       0x60 ./Drivers/STM32F4xx_HAL_Driver/Src/stm32f4xx_hal_tim.o
 .text.TIM_ITRx_SetConfig
                0x08006bda       0x36 ./Drivers/STM32F4xx_HAL_Driver/Src/stm32f4xx_hal_tim.o
 .text.TIM_ETR_SetConfig
                0x08006c10       0x40 ./Drivers/STM32F4xx_HAL_Driver/Src/stm32f4xx_hal_tim.o
                0x08006c10                TIM_ETR_SetConfig
 .text.TIM_CCxChannelCmd
                0x08006c50       0x4a ./Drivers/STM32F4xx_HAL_Driver/Src/stm32f4xx_hal_tim.o
                0x08006c50                TIM_CCxChannelCmd
 *fill*         0x08006c9a        0x2 
 .text.HAL_TIMEx_MasterConfigSynchronization
                0x08006c9c       0xf8 ./Drivers/STM32F4xx_HAL_Driver/Src/stm32f4xx_hal_tim_ex.o
                0x08006c9c                HAL_TIMEx_MasterConfigSynchronization
 .text.HAL_TIMEx_CommutCallback
                0x08006d94       0x14 ./Drivers/STM32F4xx_HAL_Driver/Src/stm32f4xx_hal_tim_ex.o
                0x08006d94                HAL_TIMEx_CommutCallback
 .text.HAL_TIMEx_BreakCallback
                0x08006da8       0x14 ./Drivers/STM32F4xx_HAL_Driver/Src/stm32f4xx_hal_tim_ex.o
                0x08006da8                HAL_TIMEx_BreakCallback
 .text.sqrtf    0x08006dbc       0x3c D:/Download Apps/STM32CubeIDE_1.16.1/STM32CubeIDE/plugins/com.st.stm32cube.ide.mcu.externaltools.gnu-tools-for-stm32.12.3.rel1.win32_1.0.200.202406191623/tools/bin/../lib/gcc/arm-none-eabi/12.3.1/../../../../arm-none-eabi/lib/thumb/v7e-m+fp/hard\libm.a(libm_a-wf_sqrt.o)
                0x08006dbc                sqrtf
 .text.__ieee754_sqrtf
                0x08006df8        0x6 D:/Download Apps/STM32CubeIDE_1.16.1/STM32CubeIDE/plugins/com.st.stm32cube.ide.mcu.externaltools.gnu-tools-for-stm32.12.3.rel1.win32_1.0.200.202406191623/tools/bin/../lib/gcc/arm-none-eabi/12.3.1/../../../../arm-none-eabi/lib/thumb/v7e-m+fp/hard\libm.a(libm_a-ef_sqrt.o)
                0x08006df8                __ieee754_sqrtf
 *fill*         0x08006dfe        0x2 
 .text.std      0x08006e00       0x6c D:/Download Apps/STM32CubeIDE_1.16.1/STM32CubeIDE/plugins/com.st.stm32cube.ide.mcu.externaltools.gnu-tools-for-stm32.12.3.rel1.win32_1.0.200.202406191623/tools/bin/../lib/gcc/arm-none-eabi/12.3.1/../../../../arm-none-eabi/lib/thumb/v7e-m+fp/hard\libc_nano.a(libc_a-findfp.o)
 .text.stdio_exit_handler
                0x08006e6c       0x18 D:/Download Apps/STM32CubeIDE_1.16.1/STM32CubeIDE/plugins/com.st.stm32cube.ide.mcu.externaltools.gnu-tools-for-stm32.12.3.rel1.win32_1.0.200.202406191623/tools/bin/../lib/gcc/arm-none-eabi/12.3.1/../../../../arm-none-eabi/lib/thumb/v7e-m+fp/hard\libc_nano.a(libc_a-findfp.o)
 .text.cleanup_stdio
                0x08006e84       0x40 D:/Download Apps/STM32CubeIDE_1.16.1/STM32CubeIDE/plugins/com.st.stm32cube.ide.mcu.externaltools.gnu-tools-for-stm32.12.3.rel1.win32_1.0.200.202406191623/tools/bin/../lib/gcc/arm-none-eabi/12.3.1/../../../../arm-none-eabi/lib/thumb/v7e-m+fp/hard\libc_nano.a(libc_a-findfp.o)
 .text.global_stdio_init.part.0
                0x08006ec4       0x3c D:/Download Apps/STM32CubeIDE_1.16.1/STM32CubeIDE/plugins/com.st.stm32cube.ide.mcu.externaltools.gnu-tools-for-stm32.12.3.rel1.win32_1.0.200.202406191623/tools/bin/../lib/gcc/arm-none-eabi/12.3.1/../../../../arm-none-eabi/lib/thumb/v7e-m+fp/hard\libc_nano.a(libc_a-findfp.o)
 .text.__sfp_lock_acquire
                0x08006f00        0xc D:/Download Apps/STM32CubeIDE_1.16.1/STM32CubeIDE/plugins/com.st.stm32cube.ide.mcu.externaltools.gnu-tools-for-stm32.12.3.rel1.win32_1.0.200.202406191623/tools/bin/../lib/gcc/arm-none-eabi/12.3.1/../../../../arm-none-eabi/lib/thumb/v7e-m+fp/hard\libc_nano.a(libc_a-findfp.o)
                0x08006f00                __sfp_lock_acquire
 .text.__sfp_lock_release
                0x08006f0c        0xc D:/Download Apps/STM32CubeIDE_1.16.1/STM32CubeIDE/plugins/com.st.stm32cube.ide.mcu.externaltools.gnu-tools-for-stm32.12.3.rel1.win32_1.0.200.202406191623/tools/bin/../lib/gcc/arm-none-eabi/12.3.1/../../../../arm-none-eabi/lib/thumb/v7e-m+fp/hard\libc_nano.a(libc_a-findfp.o)
                0x08006f0c                __sfp_lock_release
 .text.__sinit  0x08006f18       0x30 D:/Download Apps/STM32CubeIDE_1.16.1/STM32CubeIDE/plugins/com.st.stm32cube.ide.mcu.externaltools.gnu-tools-for-stm32.12.3.rel1.win32_1.0.200.202406191623/tools/bin/../lib/gcc/arm-none-eabi/12.3.1/../../../../arm-none-eabi/lib/thumb/v7e-m+fp/hard\libc_nano.a(libc_a-findfp.o)
                0x08006f18                __sinit
 .text._fwalk_sglue
                0x08006f48       0x3c D:/Download Apps/STM32CubeIDE_1.16.1/STM32CubeIDE/plugins/com.st.stm32cube.ide.mcu.externaltools.gnu-tools-for-stm32.12.3.rel1.win32_1.0.200.202406191623/tools/bin/../lib/gcc/arm-none-eabi/12.3.1/../../../../arm-none-eabi/lib/thumb/v7e-m+fp/hard\libc_nano.a(libc_a-fwalk.o)
                0x08006f48                _fwalk_sglue
 .text.printf   0x08006f84       0x24 D:/Download Apps/STM32CubeIDE_1.16.1/STM32CubeIDE/plugins/com.st.stm32cube.ide.mcu.externaltools.gnu-tools-for-stm32.12.3.rel1.win32_1.0.200.202406191623/tools/bin/../lib/gcc/arm-none-eabi/12.3.1/../../../../arm-none-eabi/lib/thumb/v7e-m+fp/hard\libc_nano.a(libc_a-printf.o)
                0x08006f84                iprintf
                0x08006f84                printf
 .text._puts_r  0x08006fa8       0xaa D:/Download Apps/STM32CubeIDE_1.16.1/STM32CubeIDE/plugins/com.st.stm32cube.ide.mcu.externaltools.gnu-tools-for-stm32.12.3.rel1.win32_1.0.200.202406191623/tools/bin/../lib/gcc/arm-none-eabi/12.3.1/../../../../arm-none-eabi/lib/thumb/v7e-m+fp/hard\libc_nano.a(libc_a-puts.o)
                0x08006fa8                _puts_r
 *fill*         0x08007052        0x2 
 .text.puts     0x08007054       0x10 D:/Download Apps/STM32CubeIDE_1.16.1/STM32CubeIDE/plugins/com.st.stm32cube.ide.mcu.externaltools.gnu-tools-for-stm32.12.3.rel1.win32_1.0.200.202406191623/tools/bin/../lib/gcc/arm-none-eabi/12.3.1/../../../../arm-none-eabi/lib/thumb/v7e-m+fp/hard\libc_nano.a(libc_a-puts.o)
                0x08007054                puts
 .text.sprintf  0x08007064       0x40 D:/Download Apps/STM32CubeIDE_1.16.1/STM32CubeIDE/plugins/com.st.stm32cube.ide.mcu.externaltools.gnu-tools-for-stm32.12.3.rel1.win32_1.0.200.202406191623/tools/bin/../lib/gcc/arm-none-eabi/12.3.1/../../../../arm-none-eabi/lib/thumb/v7e-m+fp/hard\libc_nano.a(libc_a-sprintf.o)
                0x08007064                siprintf
                0x08007064                sprintf
 .text.__sread  0x080070a4       0x22 D:/Download Apps/STM32CubeIDE_1.16.1/STM32CubeIDE/plugins/com.st.stm32cube.ide.mcu.externaltools.gnu-tools-for-stm32.12.3.rel1.win32_1.0.200.202406191623/tools/bin/../lib/gcc/arm-none-eabi/12.3.1/../../../../arm-none-eabi/lib/thumb/v7e-m+fp/hard\libc_nano.a(libc_a-stdio.o)
                0x080070a4                __sread
 .text.__swrite
                0x080070c6       0x38 D:/Download Apps/STM32CubeIDE_1.16.1/STM32CubeIDE/plugins/com.st.stm32cube.ide.mcu.externaltools.gnu-tools-for-stm32.12.3.rel1.win32_1.0.200.202406191623/tools/bin/../lib/gcc/arm-none-eabi/12.3.1/../../../../arm-none-eabi/lib/thumb/v7e-m+fp/hard\libc_nano.a(libc_a-stdio.o)
                0x080070c6                __swrite
 .text.__sseek  0x080070fe       0x24 D:/Download Apps/STM32CubeIDE_1.16.1/STM32CubeIDE/plugins/com.st.stm32cube.ide.mcu.externaltools.gnu-tools-for-stm32.12.3.rel1.win32_1.0.200.202406191623/tools/bin/../lib/gcc/arm-none-eabi/12.3.1/../../../../arm-none-eabi/lib/thumb/v7e-m+fp/hard\libc_nano.a(libc_a-stdio.o)
                0x080070fe                __sseek
 .text.__sclose
                0x08007122        0x8 D:/Download Apps/STM32CubeIDE_1.16.1/STM32CubeIDE/plugins/com.st.stm32cube.ide.mcu.externaltools.gnu-tools-for-stm32.12.3.rel1.win32_1.0.200.202406191623/tools/bin/../lib/gcc/arm-none-eabi/12.3.1/../../../../arm-none-eabi/lib/thumb/v7e-m+fp/hard\libc_nano.a(libc_a-stdio.o)
                0x08007122                __sclose
 .text.__swbuf_r
                0x0800712a       0x7c D:/Download Apps/STM32CubeIDE_1.16.1/STM32CubeIDE/plugins/com.st.stm32cube.ide.mcu.externaltools.gnu-tools-for-stm32.12.3.rel1.win32_1.0.200.202406191623/tools/bin/../lib/gcc/arm-none-eabi/12.3.1/../../../../arm-none-eabi/lib/thumb/v7e-m+fp/hard\libc_nano.a(libc_a-wbuf.o)
                0x0800712a                __swbuf_r
 *fill*         0x080071a6        0x2 
 .text.__swsetup_r
                0x080071a8       0xac D:/Download Apps/STM32CubeIDE_1.16.1/STM32CubeIDE/plugins/com.st.stm32cube.ide.mcu.externaltools.gnu-tools-for-stm32.12.3.rel1.win32_1.0.200.202406191623/tools/bin/../lib/gcc/arm-none-eabi/12.3.1/../../../../arm-none-eabi/lib/thumb/v7e-m+fp/hard\libc_nano.a(libc_a-wsetup.o)
                0x080071a8                __swsetup_r
 .text.memset   0x08007254       0x10 D:/Download Apps/STM32CubeIDE_1.16.1/STM32CubeIDE/plugins/com.st.stm32cube.ide.mcu.externaltools.gnu-tools-for-stm32.12.3.rel1.win32_1.0.200.202406191623/tools/bin/../lib/gcc/arm-none-eabi/12.3.1/../../../../arm-none-eabi/lib/thumb/v7e-m+fp/hard\libc_nano.a(libc_a-memset.o)
                0x08007254                memset
 .text._close_r
                0x08007264       0x20 D:/Download Apps/STM32CubeIDE_1.16.1/STM32CubeIDE/plugins/com.st.stm32cube.ide.mcu.externaltools.gnu-tools-for-stm32.12.3.rel1.win32_1.0.200.202406191623/tools/bin/../lib/gcc/arm-none-eabi/12.3.1/../../../../arm-none-eabi/lib/thumb/v7e-m+fp/hard\libc_nano.a(libc_a-closer.o)
                0x08007264                _close_r
 .text._lseek_r
                0x08007284       0x24 D:/Download Apps/STM32CubeIDE_1.16.1/STM32CubeIDE/plugins/com.st.stm32cube.ide.mcu.externaltools.gnu-tools-for-stm32.12.3.rel1.win32_1.0.200.202406191623/tools/bin/../lib/gcc/arm-none-eabi/12.3.1/../../../../arm-none-eabi/lib/thumb/v7e-m+fp/hard\libc_nano.a(libc_a-lseekr.o)
                0x08007284                _lseek_r
 .text._read_r  0x080072a8       0x24 D:/Download Apps/STM32CubeIDE_1.16.1/STM32CubeIDE/plugins/com.st.stm32cube.ide.mcu.externaltools.gnu-tools-for-stm32.12.3.rel1.win32_1.0.200.202406191623/tools/bin/../lib/gcc/arm-none-eabi/12.3.1/../../../../arm-none-eabi/lib/thumb/v7e-m+fp/hard\libc_nano.a(libc_a-readr.o)
                0x080072a8                _read_r
 .text._write_r
                0x080072cc       0x24 D:/Download Apps/STM32CubeIDE_1.16.1/STM32CubeIDE/plugins/com.st.stm32cube.ide.mcu.externaltools.gnu-tools-for-stm32.12.3.rel1.win32_1.0.200.202406191623/tools/bin/../lib/gcc/arm-none-eabi/12.3.1/../../../../arm-none-eabi/lib/thumb/v7e-m+fp/hard\libc_nano.a(libc_a-writer.o)
                0x080072cc                _write_r
 .text.__errno  0x080072f0        0xc D:/Download Apps/STM32CubeIDE_1.16.1/STM32CubeIDE/plugins/com.st.stm32cube.ide.mcu.externaltools.gnu-tools-for-stm32.12.3.rel1.win32_1.0.200.202406191623/tools/bin/../lib/gcc/arm-none-eabi/12.3.1/../../../../arm-none-eabi/lib/thumb/v7e-m+fp/hard\libc_nano.a(libc_a-errno.o)
                0x080072f0                __errno
 .text.__libc_init_array
                0x080072fc       0x48 D:/Download Apps/STM32CubeIDE_1.16.1/STM32CubeIDE/plugins/com.st.stm32cube.ide.mcu.externaltools.gnu-tools-for-stm32.12.3.rel1.win32_1.0.200.202406191623/tools/bin/../lib/gcc/arm-none-eabi/12.3.1/../../../../arm-none-eabi/lib/thumb/v7e-m+fp/hard\libc_nano.a(libc_a-init.o)
                0x080072fc                __libc_init_array
 .text.__retarget_lock_init_recursive
                0x08007344        0x2 D:/Download Apps/STM32CubeIDE_1.16.1/STM32CubeIDE/plugins/com.st.stm32cube.ide.mcu.externaltools.gnu-tools-for-stm32.12.3.rel1.win32_1.0.200.202406191623/tools/bin/../lib/gcc/arm-none-eabi/12.3.1/../../../../arm-none-eabi/lib/thumb/v7e-m+fp/hard\libc_nano.a(libc_a-lock.o)
                0x08007344                __retarget_lock_init_recursive
 .text.__retarget_lock_acquire_recursive
                0x08007346        0x2 D:/Download Apps/STM32CubeIDE_1.16.1/STM32CubeIDE/plugins/com.st.stm32cube.ide.mcu.externaltools.gnu-tools-for-stm32.12.3.rel1.win32_1.0.200.202406191623/tools/bin/../lib/gcc/arm-none-eabi/12.3.1/../../../../arm-none-eabi/lib/thumb/v7e-m+fp/hard\libc_nano.a(libc_a-lock.o)
                0x08007346                __retarget_lock_acquire_recursive
 .text.__retarget_lock_release_recursive
                0x08007348        0x2 D:/Download Apps/STM32CubeIDE_1.16.1/STM32CubeIDE/plugins/com.st.stm32cube.ide.mcu.externaltools.gnu-tools-for-stm32.12.3.rel1.win32_1.0.200.202406191623/tools/bin/../lib/gcc/arm-none-eabi/12.3.1/../../../../arm-none-eabi/lib/thumb/v7e-m+fp/hard\libc_nano.a(libc_a-lock.o)
                0x08007348                __retarget_lock_release_recursive
 *fill*         0x0800734a        0x2 
 .text._free_r  0x0800734c       0x94 D:/Download Apps/STM32CubeIDE_1.16.1/STM32CubeIDE/plugins/com.st.stm32cube.ide.mcu.externaltools.gnu-tools-for-stm32.12.3.rel1.win32_1.0.200.202406191623/tools/bin/../lib/gcc/arm-none-eabi/12.3.1/../../../../arm-none-eabi/lib/thumb/v7e-m+fp/hard\libc_nano.a(libc_a-freer.o)
                0x0800734c                _free_r
 .text.sbrk_aligned
                0x080073e0       0x44 D:/Download Apps/STM32CubeIDE_1.16.1/STM32CubeIDE/plugins/com.st.stm32cube.ide.mcu.externaltools.gnu-tools-for-stm32.12.3.rel1.win32_1.0.200.202406191623/tools/bin/../lib/gcc/arm-none-eabi/12.3.1/../../../../arm-none-eabi/lib/thumb/v7e-m+fp/hard\libc_nano.a(libc_a-mallocr.o)
 .text._malloc_r
                0x08007424      0x100 D:/Download Apps/STM32CubeIDE_1.16.1/STM32CubeIDE/plugins/com.st.stm32cube.ide.mcu.externaltools.gnu-tools-for-stm32.12.3.rel1.win32_1.0.200.202406191623/tools/bin/../lib/gcc/arm-none-eabi/12.3.1/../../../../arm-none-eabi/lib/thumb/v7e-m+fp/hard\libc_nano.a(libc_a-mallocr.o)
                0x08007424                _malloc_r
 .text.__malloc_lock
                0x08007524        0xc D:/Download Apps/STM32CubeIDE_1.16.1/STM32CubeIDE/plugins/com.st.stm32cube.ide.mcu.externaltools.gnu-tools-for-stm32.12.3.rel1.win32_1.0.200.202406191623/tools/bin/../lib/gcc/arm-none-eabi/12.3.1/../../../../arm-none-eabi/lib/thumb/v7e-m+fp/hard\libc_nano.a(libc_a-mlock.o)
                0x08007524                __malloc_lock
 .text.__malloc_unlock
                0x08007530        0xc D:/Download Apps/STM32CubeIDE_1.16.1/STM32CubeIDE/plugins/com.st.stm32cube.ide.mcu.externaltools.gnu-tools-for-stm32.12.3.rel1.win32_1.0.200.202406191623/tools/bin/../lib/gcc/arm-none-eabi/12.3.1/../../../../arm-none-eabi/lib/thumb/v7e-m+fp/hard\libc_nano.a(libc_a-mlock.o)
                0x08007530                __malloc_unlock
 .text.__ssputs_r
                0x0800753c       0xb6 D:/Download Apps/STM32CubeIDE_1.16.1/STM32CubeIDE/plugins/com.st.stm32cube.ide.mcu.externaltools.gnu-tools-for-stm32.12.3.rel1.win32_1.0.200.202406191623/tools/bin/../lib/gcc/arm-none-eabi/12.3.1/../../../../arm-none-eabi/lib/thumb/v7e-m+fp/hard\libc_nano.a(libc_a-nano-svfprintf.o)
                0x0800753c                __ssputs_r
 *fill*         0x080075f2        0x2 
 .text._svfprintf_r
                0x080075f4      0x1f8 D:/Download Apps/STM32CubeIDE_1.16.1/STM32CubeIDE/plugins/com.st.stm32cube.ide.mcu.externaltools.gnu-tools-for-stm32.12.3.rel1.win32_1.0.200.202406191623/tools/bin/../lib/gcc/arm-none-eabi/12.3.1/../../../../arm-none-eabi/lib/thumb/v7e-m+fp/hard\libc_nano.a(libc_a-nano-svfprintf.o)
                0x080075f4                _svfiprintf_r
                0x080075f4                _svfprintf_r
 .text.__sfputc_r
                0x080077ec       0x2e D:/Download Apps/STM32CubeIDE_1.16.1/STM32CubeIDE/plugins/com.st.stm32cube.ide.mcu.externaltools.gnu-tools-for-stm32.12.3.rel1.win32_1.0.200.202406191623/tools/bin/../lib/gcc/arm-none-eabi/12.3.1/../../../../arm-none-eabi/lib/thumb/v7e-m+fp/hard\libc_nano.a(libc_a-nano-vfprintf.o)
 .text.__sfputs_r
                0x0800781a       0x24 D:/Download Apps/STM32CubeIDE_1.16.1/STM32CubeIDE/plugins/com.st.stm32cube.ide.mcu.externaltools.gnu-tools-for-stm32.12.3.rel1.win32_1.0.200.202406191623/tools/bin/../lib/gcc/arm-none-eabi/12.3.1/../../../../arm-none-eabi/lib/thumb/v7e-m+fp/hard\libc_nano.a(libc_a-nano-vfprintf.o)
                0x0800781a                __sfputs_r
 *fill*         0x0800783e        0x2 
 .text._vfprintf_r
                0x08007840      0x230 D:/Download Apps/STM32CubeIDE_1.16.1/STM32CubeIDE/plugins/com.st.stm32cube.ide.mcu.externaltools.gnu-tools-for-stm32.12.3.rel1.win32_1.0.200.202406191623/tools/bin/../lib/gcc/arm-none-eabi/12.3.1/../../../../arm-none-eabi/lib/thumb/v7e-m+fp/hard\libc_nano.a(libc_a-nano-vfprintf.o)
                0x08007840                _vfprintf_r
                0x08007840                _vfiprintf_r
 .text._printf_common
                0x08007a70       0xda D:/Download Apps/STM32CubeIDE_1.16.1/STM32CubeIDE/plugins/com.st.stm32cube.ide.mcu.externaltools.gnu-tools-for-stm32.12.3.rel1.win32_1.0.200.202406191623/tools/bin/../lib/gcc/arm-none-eabi/12.3.1/../../../../arm-none-eabi/lib/thumb/v7e-m+fp/hard\libc_nano.a(libc_a-nano-vfprintf_i.o)
                0x08007a70                _printf_common
 *fill*         0x08007b4a        0x2 
 .text._printf_i
                0x08007b4c      0x240 D:/Download Apps/STM32CubeIDE_1.16.1/STM32CubeIDE/plugins/com.st.stm32cube.ide.mcu.externaltools.gnu-tools-for-stm32.12.3.rel1.win32_1.0.200.202406191623/tools/bin/../lib/gcc/arm-none-eabi/12.3.1/../../../../arm-none-eabi/lib/thumb/v7e-m+fp/hard\libc_nano.a(libc_a-nano-vfprintf_i.o)
                0x08007b4c                _printf_i
 .text.__sflush_r
                0x08007d8c      0x108 D:/Download Apps/STM32CubeIDE_1.16.1/STM32CubeIDE/plugins/com.st.stm32cube.ide.mcu.externaltools.gnu-tools-for-stm32.12.3.rel1.win32_1.0.200.202406191623/tools/bin/../lib/gcc/arm-none-eabi/12.3.1/../../../../arm-none-eabi/lib/thumb/v7e-m+fp/hard\libc_nano.a(libc_a-fflush.o)
                0x08007d8c                __sflush_r
 .text._fflush_r
                0x08007e94       0x50 D:/Download Apps/STM32CubeIDE_1.16.1/STM32CubeIDE/plugins/com.st.stm32cube.ide.mcu.externaltools.gnu-tools-for-stm32.12.3.rel1.win32_1.0.200.202406191623/tools/bin/../lib/gcc/arm-none-eabi/12.3.1/../../../../arm-none-eabi/lib/thumb/v7e-m+fp/hard\libc_nano.a(libc_a-fflush.o)
                0x08007e94                _fflush_r
 .text.__swhatbuf_r
                0x08007ee4       0x4c D:/Download Apps/STM32CubeIDE_1.16.1/STM32CubeIDE/plugins/com.st.stm32cube.ide.mcu.externaltools.gnu-tools-for-stm32.12.3.rel1.win32_1.0.200.202406191623/tools/bin/../lib/gcc/arm-none-eabi/12.3.1/../../../../arm-none-eabi/lib/thumb/v7e-m+fp/hard\libc_nano.a(libc_a-makebuf.o)
                0x08007ee4                __swhatbuf_r
 .text.__smakebuf_r
                0x08007f30       0x78 D:/Download Apps/STM32CubeIDE_1.16.1/STM32CubeIDE/plugins/com.st.stm32cube.ide.mcu.externaltools.gnu-tools-for-stm32.12.3.rel1.win32_1.0.200.202406191623/tools/bin/../lib/gcc/arm-none-eabi/12.3.1/../../../../arm-none-eabi/lib/thumb/v7e-m+fp/hard\libc_nano.a(libc_a-makebuf.o)
                0x08007f30                __smakebuf_r
 .text.memmove  0x08007fa8       0x34 D:/Download Apps/STM32CubeIDE_1.16.1/STM32CubeIDE/plugins/com.st.stm32cube.ide.mcu.externaltools.gnu-tools-for-stm32.12.3.rel1.win32_1.0.200.202406191623/tools/bin/../lib/gcc/arm-none-eabi/12.3.1/../../../../arm-none-eabi/lib/thumb/v7e-m+fp/hard\libc_nano.a(libc_a-memmove.o)
                0x08007fa8                memmove
 .text._fstat_r
                0x08007fdc       0x24 D:/Download Apps/STM32CubeIDE_1.16.1/STM32CubeIDE/plugins/com.st.stm32cube.ide.mcu.externaltools.gnu-tools-for-stm32.12.3.rel1.win32_1.0.200.202406191623/tools/bin/../lib/gcc/arm-none-eabi/12.3.1/../../../../arm-none-eabi/lib/thumb/v7e-m+fp/hard\libc_nano.a(libc_a-fstatr.o)
                0x08007fdc                _fstat_r
 .text._isatty_r
                0x08008000       0x20 D:/Download Apps/STM32CubeIDE_1.16.1/STM32CubeIDE/plugins/com.st.stm32cube.ide.mcu.externaltools.gnu-tools-for-stm32.12.3.rel1.win32_1.0.200.202406191623/tools/bin/../lib/gcc/arm-none-eabi/12.3.1/../../../../arm-none-eabi/lib/thumb/v7e-m+fp/hard\libc_nano.a(libc_a-isattyr.o)
                0x08008000                _isatty_r
 .text._sbrk_r  0x08008020       0x20 D:/Download Apps/STM32CubeIDE_1.16.1/STM32CubeIDE/plugins/com.st.stm32cube.ide.mcu.externaltools.gnu-tools-for-stm32.12.3.rel1.win32_1.0.200.202406191623/tools/bin/../lib/gcc/arm-none-eabi/12.3.1/../../../../arm-none-eabi/lib/thumb/v7e-m+fp/hard\libc_nano.a(libc_a-sbrkr.o)
                0x08008020                _sbrk_r
 .text.memcpy   0x08008040       0x1c D:/Download Apps/STM32CubeIDE_1.16.1/STM32CubeIDE/plugins/com.st.stm32cube.ide.mcu.externaltools.gnu-tools-for-stm32.12.3.rel1.win32_1.0.200.202406191623/tools/bin/../lib/gcc/arm-none-eabi/12.3.1/../../../../arm-none-eabi/lib/thumb/v7e-m+fp/hard\libc_nano.a(libc_a-memcpy-stub.o)
                0x08008040                memcpy
 .text._realloc_r
                0x0800805c       0x5c D:/Download Apps/STM32CubeIDE_1.16.1/STM32CubeIDE/plugins/com.st.stm32cube.ide.mcu.externaltools.gnu-tools-for-stm32.12.3.rel1.win32_1.0.200.202406191623/tools/bin/../lib/gcc/arm-none-eabi/12.3.1/../../../../arm-none-eabi/lib/thumb/v7e-m+fp/hard\libc_nano.a(libc_a-reallocr.o)
                0x0800805c                _realloc_r
 .text._malloc_usable_size_r
                0x080080b8       0x10 D:/Download Apps/STM32CubeIDE_1.16.1/STM32CubeIDE/plugins/com.st.stm32cube.ide.mcu.externaltools.gnu-tools-for-stm32.12.3.rel1.win32_1.0.200.202406191623/tools/bin/../lib/gcc/arm-none-eabi/12.3.1/../../../../arm-none-eabi/lib/thumb/v7e-m+fp/hard\libc_nano.a(libc_a-msizer.o)
                0x080080b8                _malloc_usable_size_r
 *(.glue_7)
 .glue_7        0x080080c8        0x0 linker stubs
 *(.glue_7t)
 .glue_7t       0x080080c8        0x0 linker stubs
 *(.eh_frame)
 .eh_frame      0x080080c8        0x0 D:/Download Apps/STM32CubeIDE_1.16.1/STM32CubeIDE/plugins/com.st.stm32cube.ide.mcu.externaltools.gnu-tools-for-stm32.12.3.rel1.win32_1.0.200.202406191623/tools/bin/../lib/gcc/arm-none-eabi/12.3.1/thumb/v7e-m+fp/hard/crtbegin.o
 *(.init)
 .init          0x080080c8        0x4 D:/Download Apps/STM32CubeIDE_1.16.1/STM32CubeIDE/plugins/com.st.stm32cube.ide.mcu.externaltools.gnu-tools-for-stm32.12.3.rel1.win32_1.0.200.202406191623/tools/bin/../lib/gcc/arm-none-eabi/12.3.1/thumb/v7e-m+fp/hard/crti.o
                0x080080c8                _init
 .init          0x080080cc        0x8 D:/Download Apps/STM32CubeIDE_1.16.1/STM32CubeIDE/plugins/com.st.stm32cube.ide.mcu.externaltools.gnu-tools-for-stm32.12.3.rel1.win32_1.0.200.202406191623/tools/bin/../lib/gcc/arm-none-eabi/12.3.1/thumb/v7e-m+fp/hard/crtn.o
 *(.fini)
 .fini          0x080080d4        0x4 D:/Download Apps/STM32CubeIDE_1.16.1/STM32CubeIDE/plugins/com.st.stm32cube.ide.mcu.externaltools.gnu-tools-for-stm32.12.3.rel1.win32_1.0.200.202406191623/tools/bin/../lib/gcc/arm-none-eabi/12.3.1/thumb/v7e-m+fp/hard/crti.o
                0x080080d4                _fini
 .fini          0x080080d8        0x8 D:/Download Apps/STM32CubeIDE_1.16.1/STM32CubeIDE/plugins/com.st.stm32cube.ide.mcu.externaltools.gnu-tools-for-stm32.12.3.rel1.win32_1.0.200.202406191623/tools/bin/../lib/gcc/arm-none-eabi/12.3.1/thumb/v7e-m+fp/hard/crtn.o
                0x080080e0                        . = ALIGN (0x4)
                0x080080e0                        _etext = .

.vfp11_veneer   0x080080e0        0x0
 .vfp11_veneer  0x080080e0        0x0 linker stubs

.v4_bx          0x080080e0        0x0
 .v4_bx         0x080080e0        0x0 linker stubs

.iplt           0x080080e0        0x0
 .iplt          0x080080e0        0x0 D:/Download Apps/STM32CubeIDE_1.16.1/STM32CubeIDE/plugins/com.st.stm32cube.ide.mcu.externaltools.gnu-tools-for-stm32.12.3.rel1.win32_1.0.200.202406191623/tools/bin/../lib/gcc/arm-none-eabi/12.3.1/thumb/v7e-m+fp/hard/crtbegin.o

.rodata         0x080080e0      0x77c
                0x080080e0                        . = ALIGN (0x4)
 *(.rodata)
 .rodata        0x080080e0      0x721 ./Core/Src/app_main.o
 *(.rodata*)
 *fill*         0x08008801        0x3 
 .rodata._ZTV15Adafruit_AS7341
                0x08008804        0xc ./Core/Src/as7341.o
                0x08008804                vtable for Adafruit_AS7341
 .rodata.AHBPrescTable
                0x08008810       0x10 ./Core/Src/system_stm32f4xx.o
                0x08008810                AHBPrescTable
 .rodata.APBPrescTable
                0x08008820        0x8 ./Core/Src/system_stm32f4xx.o
                0x08008820                APBPrescTable
 .rodata._svfprintf_r.str1.1
                0x08008828       0x11 D:/Download Apps/STM32CubeIDE_1.16.1/STM32CubeIDE/plugins/com.st.stm32cube.ide.mcu.externaltools.gnu-tools-for-stm32.12.3.rel1.win32_1.0.200.202406191623/tools/bin/../lib/gcc/arm-none-eabi/12.3.1/../../../../arm-none-eabi/lib/thumb/v7e-m+fp/hard\libc_nano.a(libc_a-nano-svfprintf.o)
 .rodata._vfprintf_r.str1.1
                0x08008839       0x11 D:/Download Apps/STM32CubeIDE_1.16.1/STM32CubeIDE/plugins/com.st.stm32cube.ide.mcu.externaltools.gnu-tools-for-stm32.12.3.rel1.win32_1.0.200.202406191623/tools/bin/../lib/gcc/arm-none-eabi/12.3.1/../../../../arm-none-eabi/lib/thumb/v7e-m+fp/hard\libc_nano.a(libc_a-nano-vfprintf.o)
 .rodata._printf_i.str1.1
                0x08008839       0x22 D:/Download Apps/STM32CubeIDE_1.16.1/STM32CubeIDE/plugins/com.st.stm32cube.ide.mcu.externaltools.gnu-tools-for-stm32.12.3.rel1.win32_1.0.200.202406191623/tools/bin/../lib/gcc/arm-none-eabi/12.3.1/../../../../arm-none-eabi/lib/thumb/v7e-m+fp/hard\libc_nano.a(libc_a-nano-vfprintf_i.o)
                0x0800885c                        . = ALIGN (0x4)
 *fill*         0x0800885b        0x1 

.ARM.extab      0x0800885c        0x0
                0x0800885c                        . = ALIGN (0x4)
 *(.ARM.extab* .gnu.linkonce.armextab.*)
                0x0800885c                        . = ALIGN (0x4)

.ARM            0x0800885c        0x8
                0x0800885c                        . = ALIGN (0x4)
                0x0800885c                        __exidx_start = .
 *(.ARM.exidx*)
 .ARM.exidx     0x0800885c        0x8 D:/Download Apps/STM32CubeIDE_1.16.1/STM32CubeIDE/plugins/com.st.stm32cube.ide.mcu.externaltools.gnu-tools-for-stm32.12.3.rel1.win32_1.0.200.202406191623/tools/bin/../lib/gcc/arm-none-eabi/12.3.1/../../../../arm-none-eabi/lib/thumb/v7e-m+fp/hard\libc_nano.a(libc_a-memchr.o)
 .ARM.exidx     0x08008864        0x0 D:/Download Apps/STM32CubeIDE_1.16.1/STM32CubeIDE/plugins/com.st.stm32cube.ide.mcu.externaltools.gnu-tools-for-stm32.12.3.rel1.win32_1.0.200.202406191623/tools/bin/../lib/gcc/arm-none-eabi/12.3.1/thumb/v7e-m+fp/hard\libgcc.a(_udivmoddi4.o)
                                  0x8 (size before relaxing)
                0x08008864                        __exidx_end = .
                0x08008864                        . = ALIGN (0x4)

.preinit_array  0x08008864        0x0
                0x08008864                        . = ALIGN (0x4)
                0x08008864                        PROVIDE (__preinit_array_start = .)
 *(.preinit_array*)
                0x08008864                        PROVIDE (__preinit_array_end = .)
                0x08008864                        . = ALIGN (0x4)

.init_array     0x08008864       0x10
                0x08008864                        . = ALIGN (0x4)
                0x08008864                        PROVIDE (__init_array_start = .)
 *(SORT_BY_NAME(.init_array.*))
 *(.init_array*)
 .init_array    0x08008864        0x4 D:/Download Apps/STM32CubeIDE_1.16.1/STM32CubeIDE/plugins/com.st.stm32cube.ide.mcu.externaltools.gnu-tools-for-stm32.12.3.rel1.win32_1.0.200.202406191623/tools/bin/../lib/gcc/arm-none-eabi/12.3.1/thumb/v7e-m+fp/hard/crtbegin.o
 .init_array    0x08008868        0x4 ./Core/Src/app_main.o
 .init_array    0x0800886c        0x4 ./Core/Src/app_test.o
 .init_array    0x08008870        0x4 ./Core/Src/app_test_as7341.o
                0x08008874                        PROVIDE (__init_array_end = .)
                0x08008874                        . = ALIGN (0x4)

.fini_array     0x08008874       0x10
                0x08008874                        . = ALIGN (0x4)
                [!provide]                        PROVIDE (__fini_array_start = .)
 *(SORT_BY_NAME(.fini_array.*))
 *(.fini_array*)
 .fini_array    0x08008874        0x4 D:/Download Apps/STM32CubeIDE_1.16.1/STM32CubeIDE/plugins/com.st.stm32cube.ide.mcu.externaltools.gnu-tools-for-stm32.12.3.rel1.win32_1.0.200.202406191623/tools/bin/../lib/gcc/arm-none-eabi/12.3.1/thumb/v7e-m+fp/hard/crtbegin.o
 .fini_array    0x08008878        0x4 ./Core/Src/app_main.o
 .fini_array    0x0800887c        0x4 ./Core/Src/app_test.o
 .fini_array    0x08008880        0x4 ./Core/Src/app_test_as7341.o
                [!provide]                        PROVIDE (__fini_array_end = .)
                0x08008884                        . = ALIGN (0x4)
                0x08008884                        _sidata = LOADADDR (.data)

.rel.dyn        0x08008884        0x0
 .rel.iplt      0x08008884        0x0 D:/Download Apps/STM32CubeIDE_1.16.1/STM32CubeIDE/plugins/com.st.stm32cube.ide.mcu.externaltools.gnu-tools-for-stm32.12.3.rel1.win32_1.0.200.202406191623/tools/bin/../lib/gcc/arm-none-eabi/12.3.1/thumb/v7e-m+fp/hard/crtbegin.o

.data           0x20000000       0xcc load address 0x08008884
                0x20000000                        . = ALIGN (0x4)
                0x20000000                        _sdata = .
 *(.data)
 *(.data*)
 .data._ZL12NO2_Profiles
                0x20000000       0x50 ./Core/Src/app_main.o
 .data._ZZ8Main_AppE11last_drop_1
                0x20000050        0x4 ./Core/Src/app_main.o
 .data._ZZ8Main_AppE18last_elapsed_sec_1
                0x20000054        0x4 ./Core/Src/app_main.o
 .data._ZZ8Main_AppE11last_drop_2
                0x20000058        0x4 ./Core/Src/app_main.o
 .data._ZZ8Main_AppE16last_elapsed_sec
                0x2000005c        0x4 ./Core/Src/app_main.o
 .data._ZZ8Main_AppE14last_rinse_sec
                0x20000060        0x4 ./Core/Src/app_main.o
 .data.SystemCoreClock
                0x20000064        0x4 ./Core/Src/system_stm32f4xx.o
                0x20000064                SystemCoreClock
 .data.uwTickPrio
                0x20000068        0x4 ./Drivers/STM32F4xx_HAL_Driver/Src/stm32f4xx_hal.o
                0x20000068                uwTickPrio
 .data.uwTickFreq
                0x2000006c        0x1 ./Drivers/STM32F4xx_HAL_Driver/Src/stm32f4xx_hal.o
                0x2000006c                uwTickFreq
 *fill*         0x2000006d        0x3 
 .data.__sglue  0x20000070        0xc D:/Download Apps/STM32CubeIDE_1.16.1/STM32CubeIDE/plugins/com.st.stm32cube.ide.mcu.externaltools.gnu-tools-for-stm32.12.3.rel1.win32_1.0.200.202406191623/tools/bin/../lib/gcc/arm-none-eabi/12.3.1/../../../../arm-none-eabi/lib/thumb/v7e-m+fp/hard\libc_nano.a(libc_a-findfp.o)
                0x20000070                __sglue
 .data._impure_ptr
                0x2000007c        0x4 D:/Download Apps/STM32CubeIDE_1.16.1/STM32CubeIDE/plugins/com.st.stm32cube.ide.mcu.externaltools.gnu-tools-for-stm32.12.3.rel1.win32_1.0.200.202406191623/tools/bin/../lib/gcc/arm-none-eabi/12.3.1/../../../../arm-none-eabi/lib/thumb/v7e-m+fp/hard\libc_nano.a(libc_a-impure.o)
                0x2000007c                _impure_ptr
 .data._impure_data
                0x20000080       0x4c D:/Download Apps/STM32CubeIDE_1.16.1/STM32CubeIDE/plugins/com.st.stm32cube.ide.mcu.externaltools.gnu-tools-for-stm32.12.3.rel1.win32_1.0.200.202406191623/tools/bin/../lib/gcc/arm-none-eabi/12.3.1/../../../../arm-none-eabi/lib/thumb/v7e-m+fp/hard\libc_nano.a(libc_a-impure.o)
                0x20000080                _impure_data
 *(.RamFunc)
 *(.RamFunc*)
                0x200000cc                        . = ALIGN (0x4)
                0x200000cc                        _edata = .
                0x08008950                        _siccmram = LOADADDR (.ccmram)

.igot.plt       0x200000cc        0x0 load address 0x08008950
 .igot.plt      0x200000cc        0x0 D:/Download Apps/STM32CubeIDE_1.16.1/STM32CubeIDE/plugins/com.st.stm32cube.ide.mcu.externaltools.gnu-tools-for-stm32.12.3.rel1.win32_1.0.200.202406191623/tools/bin/../lib/gcc/arm-none-eabi/12.3.1/thumb/v7e-m+fp/hard/crtbegin.o

.ccmram         0x10000000        0x0 load address 0x08008950
                0x10000000                        . = ALIGN (0x4)
                0x10000000                        _sccmram = .
 *(.ccmram)
 *(.ccmram*)
                0x10000000                        . = ALIGN (0x4)
                0x10000000                        _eccmram = .
                0x10000000                        . = ALIGN (0x4)

.bss            0x200000cc      0x38c
                0x200000cc                        _sbss = .
                0x200000cc                        __bss_start__ = _sbss
 *(.bss)
 .bss           0x200000cc       0x1c D:/Download Apps/STM32CubeIDE_1.16.1/STM32CubeIDE/plugins/com.st.stm32cube.ide.mcu.externaltools.gnu-tools-for-stm32.12.3.rel1.win32_1.0.200.202406191623/tools/bin/../lib/gcc/arm-none-eabi/12.3.1/thumb/v7e-m+fp/hard/crtbegin.o
 *(.bss*)
 .bss.as7341    0x200000e8       0x28 ./Core/Src/app_main.o
                0x200000e8                as7341
 .bss.lcd1      0x20000110        0xc ./Core/Src/app_main.o
                0x20000110                lcd1
 .bss.currentState
                0x2000011c        0x1 ./Core/Src/app_main.o
                0x2000011c                currentState
 *fill*         0x2000011d        0x3 
 .bss.state_timer
                0x20000120        0x4 ./Core/Src/app_main.o
                0x20000120                state_timer
 .bss.timeout_timer
                0x20000124        0x4 ./Core/Src/app_main.o
                0x20000124                timeout_timer
 .bss.lcd_buf   0x20000128       0x20 ./Core/Src/app_main.o
                0x20000128                lcd_buf
 .bss.rinse_count
                0x20000148        0x1 ./Core/Src/app_main.o
                0x20000148                rinse_count
 *fill*         0x20000149        0x3 
 .bss._ZL18lcd_watchdog_timer
                0x2000014c        0x4 ./Core/Src/app_main.o
 .bss._ZZL22Check_Long_Press_ResetvE11press_start
                0x20000150        0x4 ./Core/Src/app_main.o
 .bss._ZZL22Check_Long_Press_ResetvE11is_pressing
                0x20000154        0x1 ./Core/Src/app_main.o
 *fill*         0x20000155        0x3 
 .bss._ZL6as7341
                0x20000158       0x28 ./Core/Src/app_test.o
 .bss._ZL6as7341
                0x20000180       0x28 ./Core/Src/app_test_as7341.o
 .bss.hi2c1     0x200001a8       0x54 ./Core/Src/main.o
                0x200001a8                hi2c1
 .bss.hi2c2     0x200001fc       0x54 ./Core/Src/main.o
                0x200001fc                hi2c2
 .bss.hiwdg     0x20000250        0xc ./Core/Src/main.o
                0x20000250                hiwdg
 .bss.htim2     0x2000025c       0x48 ./Core/Src/main.o
                0x2000025c                htim2
 .bss.htim6     0x200002a4       0x48 ./Core/Src/main.o
                0x200002a4                htim6
 .bss.count_drop_1
                0x200002ec        0x1 ./Core/Src/module_fluidics.o
                0x200002ec                count_drop_1
 .bss.count_drop_2
                0x200002ed        0x1 ./Core/Src/module_fluidics.o
                0x200002ed                count_drop_2
 .bss._ZL11lo1_enabled
                0x200002ee        0x1 ./Core/Src/module_fluidics.o
 .bss._ZL11lo2_enabled
                0x200002ef        0x1 ./Core/Src/module_fluidics.o
 .bss._ZL15bom_cap_enabled
                0x200002f0        0x1 ./Core/Src/module_fluidics.o
 .bss._ZL14bom_xa_enabled
                0x200002f1        0x1 ./Core/Src/module_fluidics.o
 .bss._ZL8lo1_tick
                0x200002f2        0x2 ./Core/Src/module_fluidics.o
 .bss._ZL8lo2_tick
                0x200002f4        0x2 ./Core/Src/module_fluidics.o
 *fill*         0x200002f6        0x2 
 .bss._ZL10lo1_run_ms
                0x200002f8        0x4 ./Core/Src/module_fluidics.o
 .bss._ZL10lo2_run_ms
                0x200002fc        0x4 ./Core/Src/module_fluidics.o
 .bss._ZL12bom_cap_tick
                0x20000300        0x2 ./Core/Src/module_fluidics.o
 .bss._ZL11bom_xa_tick
                0x20000302        0x2 ./Core/Src/module_fluidics.o
 .bss.__sbrk_heap_end
                0x20000304        0x4 ./Core/Src/sysmem.o
 .bss.uwTick    0x20000308        0x4 ./Drivers/STM32F4xx_HAL_Driver/Src/stm32f4xx_hal.o
                0x20000308                uwTick
 .bss.__sf      0x2000030c      0x138 D:/Download Apps/STM32CubeIDE_1.16.1/STM32CubeIDE/plugins/com.st.stm32cube.ide.mcu.externaltools.gnu-tools-for-stm32.12.3.rel1.win32_1.0.200.202406191623/tools/bin/../lib/gcc/arm-none-eabi/12.3.1/../../../../arm-none-eabi/lib/thumb/v7e-m+fp/hard\libc_nano.a(libc_a-findfp.o)
                0x2000030c                __sf
 .bss.__stdio_exit_handler
                0x20000444        0x4 D:/Download Apps/STM32CubeIDE_1.16.1/STM32CubeIDE/plugins/com.st.stm32cube.ide.mcu.externaltools.gnu-tools-for-stm32.12.3.rel1.win32_1.0.200.202406191623/tools/bin/../lib/gcc/arm-none-eabi/12.3.1/../../../../arm-none-eabi/lib/thumb/v7e-m+fp/hard\libc_nano.a(libc_a-findfp.o)
                0x20000444                __stdio_exit_handler
 .bss.errno     0x20000448        0x4 D:/Download Apps/STM32CubeIDE_1.16.1/STM32CubeIDE/plugins/com.st.stm32cube.ide.mcu.externaltools.gnu-tools-for-stm32.12.3.rel1.win32_1.0.200.202406191623/tools/bin/../lib/gcc/arm-none-eabi/12.3.1/../../../../arm-none-eabi/lib/thumb/v7e-m+fp/hard\libc_nano.a(libc_a-reent.o)
                0x20000448                errno
 .bss.__lock___malloc_recursive_mutex
                0x2000044c        0x1 D:/Download Apps/STM32CubeIDE_1.16.1/STM32CubeIDE/plugins/com.st.stm32cube.ide.mcu.externaltools.gnu-tools-for-stm32.12.3.rel1.win32_1.0.200.202406191623/tools/bin/../lib/gcc/arm-none-eabi/12.3.1/../../../../arm-none-eabi/lib/thumb/v7e-m+fp/hard\libc_nano.a(libc_a-lock.o)
                0x2000044c                __lock___malloc_recursive_mutex
 .bss.__lock___sfp_recursive_mutex
                0x2000044d        0x1 D:/Download Apps/STM32CubeIDE_1.16.1/STM32CubeIDE/plugins/com.st.stm32cube.ide.mcu.externaltools.gnu-tools-for-stm32.12.3.rel1.win32_1.0.200.202406191623/tools/bin/../lib/gcc/arm-none-eabi/12.3.1/../../../../arm-none-eabi/lib/thumb/v7e-m+fp/hard\libc_nano.a(libc_a-lock.o)
                0x2000044d                __lock___sfp_recursive_mutex
 *fill*         0x2000044e        0x2 
 .bss.__malloc_sbrk_start
                0x20000450        0x4 D:/Download Apps/STM32CubeIDE_1.16.1/STM32CubeIDE/plugins/com.st.stm32cube.ide.mcu.externaltools.gnu-tools-for-stm32.12.3.rel1.win32_1.0.200.202406191623/tools/bin/../lib/gcc/arm-none-eabi/12.3.1/../../../../arm-none-eabi/lib/thumb/v7e-m+fp/hard\libc_nano.a(libc_a-mallocr.o)
                0x20000450                __malloc_sbrk_start
 .bss.__malloc_free_list
                0x20000454        0x4 D:/Download Apps/STM32CubeIDE_1.16.1/STM32CubeIDE/plugins/com.st.stm32cube.ide.mcu.externaltools.gnu-tools-for-stm32.12.3.rel1.win32_1.0.200.202406191623/tools/bin/../lib/gcc/arm-none-eabi/12.3.1/../../../../arm-none-eabi/lib/thumb/v7e-m+fp/hard\libc_nano.a(libc_a-mallocr.o)
                0x20000454                __malloc_free_list
 *(COMMON)
                0x20000458                        . = ALIGN (0x4)
                0x20000458                        _ebss = .
                0x20000458                        __bss_end__ = _ebss

._user_heap_stack
                0x20000458      0x600
                0x20000458                        . = ALIGN (0x8)
                [!provide]                        PROVIDE (end = .)
                0x20000458                        PROVIDE (_end = .)
                0x20000658                        . = (. + _Min_Heap_Size)
 *fill*         0x20000458      0x200 
                0x20000a58                        . = (. + _Min_Stack_Size)
 *fill*         0x20000658      0x400 
                0x20000a58                        . = ALIGN (0x8)

/DISCARD/
 libc.a(*)
 libm.a(*)
 libgcc.a(*)

.ARM.attributes
                0x00000000       0x30
 *(.ARM.attributes)
 .ARM.attributes
                0x00000000       0x22 D:/Download Apps/STM32CubeIDE_1.16.1/STM32CubeIDE/plugins/com.st.stm32cube.ide.mcu.externaltools.gnu-tools-for-stm32.12.3.rel1.win32_1.0.200.202406191623/tools/bin/../lib/gcc/arm-none-eabi/12.3.1/thumb/v7e-m+fp/hard/crti.o
 .ARM.attributes
                0x00000022       0x34 D:/Download Apps/STM32CubeIDE_1.16.1/STM32CubeIDE/plugins/com.st.stm32cube.ide.mcu.externaltools.gnu-tools-for-stm32.12.3.rel1.win32_1.0.200.202406191623/tools/bin/../lib/gcc/arm-none-eabi/12.3.1/thumb/v7e-m+fp/hard/crtbegin.o
 .ARM.attributes
                0x00000056       0x34 ./Core/Src/app_main.o
 .ARM.attributes
                0x0000008a       0x34 ./Core/Src/app_test.o
 .ARM.attributes
                0x000000be       0x34 ./Core/Src/app_test_as7341.o
 .ARM.attributes
                0x000000f2       0x34 ./Core/Src/as7341.o
 .ARM.attributes
                0x00000126       0x34 ./Core/Src/lcd_i2c.o
 .ARM.attributes
                0x0000015a       0x34 ./Core/Src/main.o
 .ARM.attributes
                0x0000018e       0x34 ./Core/Src/module_fluidics.o
 .ARM.attributes
                0x000001c2       0x34 ./Core/Src/module_stirrer.o
 .ARM.attributes
                0x000001f6       0x34 ./Core/Src/stm32f4xx_hal_msp.o
 .ARM.attributes
                0x0000022a       0x34 ./Core/Src/stm32f4xx_it.o
 .ARM.attributes
                0x0000025e       0x34 ./Core/Src/syscalls.o
 .ARM.attributes
                0x00000292       0x34 ./Core/Src/sysmem.o
 .ARM.attributes
                0x000002c6       0x34 ./Core/Src/system_stm32f4xx.o
 .ARM.attributes
                0x000002fa       0x21 ./Core/Startup/startup_stm32f407vetx.o
 .ARM.attributes
                0x0000031b       0x34 ./Drivers/STM32F4xx_HAL_Driver/Src/stm32f4xx_hal.o
 .ARM.attributes
                0x0000034f       0x34 ./Drivers/STM32F4xx_HAL_Driver/Src/stm32f4xx_hal_cortex.o
 .ARM.attributes
                0x00000383       0x34 ./Drivers/STM32F4xx_HAL_Driver/Src/stm32f4xx_hal_gpio.o
 .ARM.attributes
                0x000003b7       0x34 ./Drivers/STM32F4xx_HAL_Driver/Src/stm32f4xx_hal_i2c.o
 .ARM.attributes
                0x000003eb       0x34 ./Drivers/STM32F4xx_HAL_Driver/Src/stm32f4xx_hal_iwdg.o
 .ARM.attributes
                0x0000041f       0x34 ./Drivers/STM32F4xx_HAL_Driver/Src/stm32f4xx_hal_rcc.o
 .ARM.attributes
                0x00000453       0x34 ./Drivers/STM32F4xx_HAL_Driver/Src/stm32f4xx_hal_tim.o
 .ARM.attributes
                0x00000487       0x34 ./Drivers/STM32F4xx_HAL_Driver/Src/stm32f4xx_hal_tim_ex.o
 .ARM.attributes
                0x000004bb       0x34 D:/Download Apps/STM32CubeIDE_1.16.1/STM32CubeIDE/plugins/com.st.stm32cube.ide.mcu.externaltools.gnu-tools-for-stm32.12.3.rel1.win32_1.0.200.202406191623/tools/bin/../lib/gcc/arm-none-eabi/12.3.1/../../../../arm-none-eabi/lib/thumb/v7e-m+fp/hard\libm.a(libm_a-wf_sqrt.o)
 .ARM.attributes
                0x000004ef       0x34 D:/Download Apps/STM32CubeIDE_1.16.1/STM32CubeIDE/plugins/com.st.stm32cube.ide.mcu.externaltools.gnu-tools-for-stm32.12.3.rel1.win32_1.0.200.202406191623/tools/bin/../lib/gcc/arm-none-eabi/12.3.1/../../../../arm-none-eabi/lib/thumb/v7e-m+fp/hard\libm.a(libm_a-ef_sqrt.o)
 .ARM.attributes
                0x00000523       0x34 D:/Download Apps/STM32CubeIDE_1.16.1/STM32CubeIDE/plugins/com.st.stm32cube.ide.mcu.externaltools.gnu-tools-for-stm32.12.3.rel1.win32_1.0.200.202406191623/tools/bin/../lib/gcc/arm-none-eabi/12.3.1/../../../../arm-none-eabi/lib/thumb/v7e-m+fp/hard\libc_nano.a(libc_a-findfp.o)
 .ARM.attributes
                0x00000557       0x34 D:/Download Apps/STM32CubeIDE_1.16.1/STM32CubeIDE/plugins/com.st.stm32cube.ide.mcu.externaltools.gnu-tools-for-stm32.12.3.rel1.win32_1.0.200.202406191623/tools/bin/../lib/gcc/arm-none-eabi/12.3.1/../../../../arm-none-eabi/lib/thumb/v7e-m+fp/hard\libc_nano.a(libc_a-fwalk.o)
 .ARM.attributes
                0x0000058b       0x34 D:/Download Apps/STM32CubeIDE_1.16.1/STM32CubeIDE/plugins/com.st.stm32cube.ide.mcu.externaltools.gnu-tools-for-stm32.12.3.rel1.win32_1.0.200.202406191623/tools/bin/../lib/gcc/arm-none-eabi/12.3.1/../../../../arm-none-eabi/lib/thumb/v7e-m+fp/hard\libc_nano.a(libc_a-printf.o)
 .ARM.attributes
                0x000005bf       0x34 D:/Download Apps/STM32CubeIDE_1.16.1/STM32CubeIDE/plugins/com.st.stm32cube.ide.mcu.externaltools.gnu-tools-for-stm32.12.3.rel1.win32_1.0.200.202406191623/tools/bin/../lib/gcc/arm-none-eabi/12.3.1/../../../../arm-none-eabi/lib/thumb/v7e-m+fp/hard\libc_nano.a(libc_a-puts.o)
 .ARM.attributes
                0x000005f3       0x34 D:/Download Apps/STM32CubeIDE_1.16.1/STM32CubeIDE/plugins/com.st.stm32cube.ide.mcu.externaltools.gnu-tools-for-stm32.12.3.rel1.win32_1.0.200.202406191623/tools/bin/../lib/gcc/arm-none-eabi/12.3.1/../../../../arm-none-eabi/lib/thumb/v7e-m+fp/hard\libc_nano.a(libc_a-sprintf.o)
 .ARM.attributes
                0x00000627       0x34 D:/Download Apps/STM32CubeIDE_1.16.1/STM32CubeIDE/plugins/com.st.stm32cube.ide.mcu.externaltools.gnu-tools-for-stm32.12.3.rel1.win32_1.0.200.202406191623/tools/bin/../lib/gcc/arm-none-eabi/12.3.1/../../../../arm-none-eabi/lib/thumb/v7e-m+fp/hard\libc_nano.a(libc_a-stdio.o)
 .ARM.attributes
                0x0000065b       0x34 D:/Download Apps/STM32CubeIDE_1.16.1/STM32CubeIDE/plugins/com.st.stm32cube.ide.mcu.externaltools.gnu-tools-for-stm32.12.3.rel1.win32_1.0.200.202406191623/tools/bin/../lib/gcc/arm-none-eabi/12.3.1/../../../../arm-none-eabi/lib/thumb/v7e-m+fp/hard\libc_nano.a(libc_a-wbuf.o)
 .ARM.attributes
                0x0000068f       0x34 D:/Download Apps/STM32CubeIDE_1.16.1/STM32CubeIDE/plugins/com.st.stm32cube.ide.mcu.externaltools.gnu-tools-for-stm32.12.3.rel1.win32_1.0.200.202406191623/tools/bin/../lib/gcc/arm-none-eabi/12.3.1/../../../../arm-none-eabi/lib/thumb/v7e-m+fp/hard\libc_nano.a(libc_a-wsetup.o)
 .ARM.attributes
                0x000006c3       0x34 D:/Download Apps/STM32CubeIDE_1.16.1/STM32CubeIDE/plugins/com.st.stm32cube.ide.mcu.externaltools.gnu-tools-for-stm32.12.3.rel1.win32_1.0.200.202406191623/tools/bin/../lib/gcc/arm-none-eabi/12.3.1/../../../../arm-none-eabi/lib/thumb/v7e-m+fp/hard\libc_nano.a(libc_a-memset.o)
 .ARM.attributes
                0x000006f7       0x34 D:/Download Apps/STM32CubeIDE_1.16.1/STM32CubeIDE/plugins/com.st.stm32cube.ide.mcu.externaltools.gnu-tools-for-stm32.12.3.rel1.win32_1.0.200.202406191623/tools/bin/../lib/gcc/arm-none-eabi/12.3.1/../../../../arm-none-eabi/lib/thumb/v7e-m+fp/hard\libc_nano.a(libc_a-closer.o)
 .ARM.attributes
                0x0000072b       0x34 D:/Download Apps/STM32CubeIDE_1.16.1/STM32CubeIDE/plugins/com.st.stm32cube.ide.mcu.externaltools.gnu-tools-for-stm32.12.3.rel1.win32_1.0.200.202406191623/tools/bin/../lib/gcc/arm-none-eabi/12.3.1/../../../../arm-none-eabi/lib/thumb/v7e-m+fp/hard\libc_nano.a(libc_a-reent.o)
 .ARM.attributes
                0x0000075f       0x34 D:/Download Apps/STM32CubeIDE_1.16.1/STM32CubeIDE/plugins/com.st.stm32cube.ide.mcu.externaltools.gnu-tools-for-stm32.12.3.rel1.win32_1.0.200.202406191623/tools/bin/../lib/gcc/arm-none-eabi/12.3.1/../../../../arm-none-eabi/lib/thumb/v7e-m+fp/hard\libc_nano.a(libc_a-impure.o)
 .ARM.attributes
                0x00000793       0x34 D:/Download Apps/STM32CubeIDE_1.16.1/STM32CubeIDE/plugins/com.st.stm32cube.ide.mcu.externaltools.gnu-tools-for-stm32.12.3.rel1.win32_1.0.200.202406191623/tools/bin/../lib/gcc/arm-none-eabi/12.3.1/../../../../arm-none-eabi/lib/thumb/v7e-m+fp/hard\libc_nano.a(libc_a-lseekr.o)
 .ARM.attributes
                0x000007c7       0x34 D:/Download Apps/STM32CubeIDE_1.16.1/STM32CubeIDE/plugins/com.st.stm32cube.ide.mcu.externaltools.gnu-tools-for-stm32.12.3.rel1.win32_1.0.200.202406191623/tools/bin/../lib/gcc/arm-none-eabi/12.3.1/../../../../arm-none-eabi/lib/thumb/v7e-m+fp/hard\libc_nano.a(libc_a-readr.o)
 .ARM.attributes
                0x000007fb       0x34 D:/Download Apps/STM32CubeIDE_1.16.1/STM32CubeIDE/plugins/com.st.stm32cube.ide.mcu.externaltools.gnu-tools-for-stm32.12.3.rel1.win32_1.0.200.202406191623/tools/bin/../lib/gcc/arm-none-eabi/12.3.1/../../../../arm-none-eabi/lib/thumb/v7e-m+fp/hard\libc_nano.a(libc_a-writer.o)
 .ARM.attributes
                0x0000082f       0x34 D:/Download Apps/STM32CubeIDE_1.16.1/STM32CubeIDE/plugins/com.st.stm32cube.ide.mcu.externaltools.gnu-tools-for-stm32.12.3.rel1.win32_1.0.200.202406191623/tools/bin/../lib/gcc/arm-none-eabi/12.3.1/../../../../arm-none-eabi/lib/thumb/v7e-m+fp/hard\libc_nano.a(libc_a-errno.o)
 .ARM.attributes
                0x00000863       0x34 D:/Download Apps/STM32CubeIDE_1.16.1/STM32CubeIDE/plugins/com.st.stm32cube.ide.mcu.externaltools.gnu-tools-for-stm32.12.3.rel1.win32_1.0.200.202406191623/tools/bin/../lib/gcc/arm-none-eabi/12.3.1/../../../../arm-none-eabi/lib/thumb/v7e-m+fp/hard\libc_nano.a(libc_a-init.o)
 .ARM.attributes
                0x00000897       0x34 D:/Download Apps/STM32CubeIDE_1.16.1/STM32CubeIDE/plugins/com.st.stm32cube.ide.mcu.externaltools.gnu-tools-for-stm32.12.3.rel1.win32_1.0.200.202406191623/tools/bin/../lib/gcc/arm-none-eabi/12.3.1/../../../../arm-none-eabi/lib/thumb/v7e-m+fp/hard\libc_nano.a(libc_a-lock.o)
 .ARM.attributes
                0x000008cb       0x34 D:/Download Apps/STM32CubeIDE_1.16.1/STM32CubeIDE/plugins/com.st.stm32cube.ide.mcu.externaltools.gnu-tools-for-stm32.12.3.rel1.win32_1.0.200.202406191623/tools/bin/../lib/gcc/arm-none-eabi/12.3.1/../../../../arm-none-eabi/lib/thumb/v7e-m+fp/hard\libc_nano.a(libc_a-freer.o)
 .ARM.attributes
                0x000008ff       0x34 D:/Download Apps/STM32CubeIDE_1.16.1/STM32CubeIDE/plugins/com.st.stm32cube.ide.mcu.externaltools.gnu-tools-for-stm32.12.3.rel1.win32_1.0.200.202406191623/tools/bin/../lib/gcc/arm-none-eabi/12.3.1/../../../../arm-none-eabi/lib/thumb/v7e-m+fp/hard\libc_nano.a(libc_a-mallocr.o)
 .ARM.attributes
                0x00000933       0x34 D:/Download Apps/STM32CubeIDE_1.16.1/STM32CubeIDE/plugins/com.st.stm32cube.ide.mcu.externaltools.gnu-tools-for-stm32.12.3.rel1.win32_1.0.200.202406191623/tools/bin/../lib/gcc/arm-none-eabi/12.3.1/../../../../arm-none-eabi/lib/thumb/v7e-m+fp/hard\libc_nano.a(libc_a-mlock.o)
 .ARM.attributes
                0x00000967       0x34 D:/Download Apps/STM32CubeIDE_1.16.1/STM32CubeIDE/plugins/com.st.stm32cube.ide.mcu.externaltools.gnu-tools-for-stm32.12.3.rel1.win32_1.0.200.202406191623/tools/bin/../lib/gcc/arm-none-eabi/12.3.1/../../../../arm-none-eabi/lib/thumb/v7e-m+fp/hard\libc_nano.a(libc_a-nano-svfprintf.o)
 .ARM.attributes
                0x0000099b       0x34 D:/Download Apps/STM32CubeIDE_1.16.1/STM32CubeIDE/plugins/com.st.stm32cube.ide.mcu.externaltools.gnu-tools-for-stm32.12.3.rel1.win32_1.0.200.202406191623/tools/bin/../lib/gcc/arm-none-eabi/12.3.1/../../../../arm-none-eabi/lib/thumb/v7e-m+fp/hard\libc_nano.a(libc_a-nano-vfprintf.o)
 .ARM.attributes
                0x000009cf       0x34 D:/Download Apps/STM32CubeIDE_1.16.1/STM32CubeIDE/plugins/com.st.stm32cube.ide.mcu.externaltools.gnu-tools-for-stm32.12.3.rel1.win32_1.0.200.202406191623/tools/bin/../lib/gcc/arm-none-eabi/12.3.1/../../../../arm-none-eabi/lib/thumb/v7e-m+fp/hard\libc_nano.a(libc_a-nano-vfprintf_i.o)
 .ARM.attributes
                0x00000a03       0x34 D:/Download Apps/STM32CubeIDE_1.16.1/STM32CubeIDE/plugins/com.st.stm32cube.ide.mcu.externaltools.gnu-tools-for-stm32.12.3.rel1.win32_1.0.200.202406191623/tools/bin/../lib/gcc/arm-none-eabi/12.3.1/../../../../arm-none-eabi/lib/thumb/v7e-m+fp/hard\libc_nano.a(libc_a-fflush.o)
 .ARM.attributes
                0x00000a37       0x34 D:/Download Apps/STM32CubeIDE_1.16.1/STM32CubeIDE/plugins/com.st.stm32cube.ide.mcu.externaltools.gnu-tools-for-stm32.12.3.rel1.win32_1.0.200.202406191623/tools/bin/../lib/gcc/arm-none-eabi/12.3.1/../../../../arm-none-eabi/lib/thumb/v7e-m+fp/hard\libc_nano.a(libc_a-makebuf.o)
 .ARM.attributes
                0x00000a6b       0x34 D:/Download Apps/STM32CubeIDE_1.16.1/STM32CubeIDE/plugins/com.st.stm32cube.ide.mcu.externaltools.gnu-tools-for-stm32.12.3.rel1.win32_1.0.200.202406191623/tools/bin/../lib/gcc/arm-none-eabi/12.3.1/../../../../arm-none-eabi/lib/thumb/v7e-m+fp/hard\libc_nano.a(libc_a-memmove.o)
 .ARM.attributes
                0x00000a9f       0x34 D:/Download Apps/STM32CubeIDE_1.16.1/STM32CubeIDE/plugins/com.st.stm32cube.ide.mcu.externaltools.gnu-tools-for-stm32.12.3.rel1.win32_1.0.200.202406191623/tools/bin/../lib/gcc/arm-none-eabi/12.3.1/../../../../arm-none-eabi/lib/thumb/v7e-m+fp/hard\libc_nano.a(libc_a-fstatr.o)
 .ARM.attributes
                0x00000ad3       0x34 D:/Download Apps/STM32CubeIDE_1.16.1/STM32CubeIDE/plugins/com.st.stm32cube.ide.mcu.externaltools.gnu-tools-for-stm32.12.3.rel1.win32_1.0.200.202406191623/tools/bin/../lib/gcc/arm-none-eabi/12.3.1/../../../../arm-none-eabi/lib/thumb/v7e-m+fp/hard\libc_nano.a(libc_a-isattyr.o)
 .ARM.attributes
                0x00000b07       0x34 D:/Download Apps/STM32CubeIDE_1.16.1/STM32CubeIDE/plugins/com.st.stm32cube.ide.mcu.externaltools.gnu-tools-for-stm32.12.3.rel1.win32_1.0.200.202406191623/tools/bin/../lib/gcc/arm-none-eabi/12.3.1/../../../../arm-none-eabi/lib/thumb/v7e-m+fp/hard\libc_nano.a(libc_a-sbrkr.o)
 .ARM.attributes
                0x00000b3b       0x1c D:/Download Apps/STM32CubeIDE_1.16.1/STM32CubeIDE/plugins/com.st.stm32cube.ide.mcu.externaltools.gnu-tools-for-stm32.12.3.rel1.win32_1.0.200.202406191623/tools/bin/../lib/gcc/arm-none-eabi/12.3.1/../../../../arm-none-eabi/lib/thumb/v7e-m+fp/hard\libc_nano.a(libc_a-memchr.o)
 .ARM.attributes
                0x00000b57       0x34 D:/Download Apps/STM32CubeIDE_1.16.1/STM32CubeIDE/plugins/com.st.stm32cube.ide.mcu.externaltools.gnu-tools-for-stm32.12.3.rel1.win32_1.0.200.202406191623/tools/bin/../lib/gcc/arm-none-eabi/12.3.1/../../../../arm-none-eabi/lib/thumb/v7e-m+fp/hard\libc_nano.a(libc_a-memcpy-stub.o)
 .ARM.attributes
                0x00000b8b       0x34 D:/Download Apps/STM32CubeIDE_1.16.1/STM32CubeIDE/plugins/com.st.stm32cube.ide.mcu.externaltools.gnu-tools-for-stm32.12.3.rel1.win32_1.0.200.202406191623/tools/bin/../lib/gcc/arm-none-eabi/12.3.1/../../../../arm-none-eabi/lib/thumb/v7e-m+fp/hard\libc_nano.a(libc_a-reallocr.o)
 .ARM.attributes
                0x00000bbf       0x34 D:/Download Apps/STM32CubeIDE_1.16.1/STM32CubeIDE/plugins/com.st.stm32cube.ide.mcu.externaltools.gnu-tools-for-stm32.12.3.rel1.win32_1.0.200.202406191623/tools/bin/../lib/gcc/arm-none-eabi/12.3.1/../../../../arm-none-eabi/lib/thumb/v7e-m+fp/hard\libc_nano.a(libc_a-msizer.o)
 .ARM.attributes
                0x00000bf3       0x22 D:/Download Apps/STM32CubeIDE_1.16.1/STM32CubeIDE/plugins/com.st.stm32cube.ide.mcu.externaltools.gnu-tools-for-stm32.12.3.rel1.win32_1.0.200.202406191623/tools/bin/../lib/gcc/arm-none-eabi/12.3.1/thumb/v7e-m+fp/hard\libgcc.a(_aeabi_uldivmod.o)
 .ARM.attributes
                0x00000c15       0x34 D:/Download Apps/STM32CubeIDE_1.16.1/STM32CubeIDE/plugins/com.st.stm32cube.ide.mcu.externaltools.gnu-tools-for-stm32.12.3.rel1.win32_1.0.200.202406191623/tools/bin/../lib/gcc/arm-none-eabi/12.3.1/thumb/v7e-m+fp/hard\libgcc.a(_udivmoddi4.o)
 .ARM.attributes
                0x00000c49       0x22 D:/Download Apps/STM32CubeIDE_1.16.1/STM32CubeIDE/plugins/com.st.stm32cube.ide.mcu.externaltools.gnu-tools-for-stm32.12.3.rel1.win32_1.0.200.202406191623/tools/bin/../lib/gcc/arm-none-eabi/12.3.1/thumb/v7e-m+fp/hard\libgcc.a(_dvmd_tls.o)
 .ARM.attributes
                0x00000c6b       0x22 D:/Download Apps/STM32CubeIDE_1.16.1/STM32CubeIDE/plugins/com.st.stm32cube.ide.mcu.externaltools.gnu-tools-for-stm32.12.3.rel1.win32_1.0.200.202406191623/tools/bin/../lib/gcc/arm-none-eabi/12.3.1/thumb/v7e-m+fp/hard/crtn.o
OUTPUT(NO2_Test.elf elf32-littlearm)
LOAD linker stubs
LOAD D:/Download Apps/STM32CubeIDE_1.16.1/STM32CubeIDE/plugins/com.st.stm32cube.ide.mcu.externaltools.gnu-tools-for-stm32.12.3.rel1.win32_1.0.200.202406191623/tools/bin/../lib/gcc/arm-none-eabi/12.3.1/../../../../arm-none-eabi/lib/thumb/v7e-m+fp/hard\libc.a
LOAD D:/Download Apps/STM32CubeIDE_1.16.1/STM32CubeIDE/plugins/com.st.stm32cube.ide.mcu.externaltools.gnu-tools-for-stm32.12.3.rel1.win32_1.0.200.202406191623/tools/bin/../lib/gcc/arm-none-eabi/12.3.1/../../../../arm-none-eabi/lib/thumb/v7e-m+fp/hard\libm.a
LOAD D:/Download Apps/STM32CubeIDE_1.16.1/STM32CubeIDE/plugins/com.st.stm32cube.ide.mcu.externaltools.gnu-tools-for-stm32.12.3.rel1.win32_1.0.200.202406191623/tools/bin/../lib/gcc/arm-none-eabi/12.3.1/thumb/v7e-m+fp/hard\libgcc.a

.debug_info     0x00000000    0x1750c
 .debug_info    0x00000000     0x2a55 ./Core/Src/app_main.o
 .debug_info    0x00002a55     0x2a59 ./Core/Src/app_test.o
 .debug_info    0x000054ae     0x2811 ./Core/Src/app_test_as7341.o
 .debug_info    0x00007cbf     0x20bd ./Core/Src/as7341.o
 .debug_info    0x00009d7c      0xb77 ./Core/Src/lcd_i2c.o
 .debug_info    0x0000a8f3     0x1587 ./Core/Src/main.o
 .debug_info    0x0000be7a      0x46a ./Core/Src/module_fluidics.o
 .debug_info    0x0000c2e4      0x2de ./Core/Src/module_stirrer.o
 .debug_info    0x0000c5c2     0x1017 ./Core/Src/stm32f4xx_hal_msp.o