D:\Download Apps\STM32CubeIDE_1.16.1\STM32CubeIDE\plugins\com.st.stm32cube.ide.mcu.externaltools.gnu-tools-for-stm32.12.3.rel1.win32_1.0.200.202406191623\tools\bin/../lib/gcc/arm-none-eabi/12.3.1/../../../../arm-none-eabi/include/c++/12.3.1/cmath:463:3:constexpr float std::sqrt(float)	16	static
../Core/Src/app_main.cpp:69:7:float Tinh_Nong_Do_NO2(uint16_t, uint16_t, uint16_t, uint16_t, float*)	64	static
../Core/Src/app_main.cpp:135:13:void Safe_Shutdown_All()	8	static
../Core/Src/app_main.cpp:149:13:void Full_System_Reset()	8	static
../Core/Src/app_main.cpp:183:16:uint8_t Check_Long_Press_Reset()	8	static
../Core/Src/app_main.cpp:222:13:void LCD_Watchdog_Check()	8	static
../Core/Src/app_main.cpp:255:6:void Main_App()	80	static
../Core/Src/app_main.cpp:749:1:void __static_initialization_and_destruction_0(int, int)	16	static
../Core/Src/app_main.cpp:749:1:cpp)	8	static
../Core/Src/app_main.cpp:749:1:cpp)	8	static
