../Core/Src/main.c:79:5:main	8	static
../Core/Src/main.c:149:6:SystemClock_Config	88	static
../Core/Src/main.c:197:13:MX_I2C1_Init	8	static
../Core/Src/main.c:231:13:MX_I2C2_Init	8	static
../Core/Src/main.c:265:13:MX_IWDG_Init	8	static
../Core/Src/main.c:300:13:MX_TIM2_Init	64	static
../Core/Src/main.c:359:13:MX_TIM6_Init	16	static
../Core/Src/main.c:397:13:MX_GPIO_Init	56	static
../Core/Src/main.c:478:6:HAL_TIM_PeriodElapsedCallback	16	static
../Core/Src/main.c:491:6:Error_Handler	4	static,ignoring_inline_asm
