../Core/Src/module_fluidics.cpp:35:6:void Pump_Water_In(bool)	16	static
../Core/Src/module_fluidics.cpp:43:6:void Pump_Water_Out(bool)	16	static
../Core/Src/module_fluidics.cpp:54:6:void Pump_Reagent_1(bool)	16	static
../Core/Src/module_fluidics.cpp:62:6:void Pump_Reagent_2(bool)	16	static
../Core/Src/module_fluidics.cpp:71:6:void Reset_Drop_Counters()	4	static
../Core/Src/module_fluidics.cpp:77:6:void Pump_System_TIM6_Callback()	8	static
../Core/Src/module_fluidics.cpp:120:17:void HAL_GPIO_EXTI_Callback(uint16_t)	16	static
